Component: ARM Compiler 5.06 update 5 (build 528) Tool: armlink [4d35e2]

==============================================================================

Section Cross References

    main.o(i.main) refers to delay.o(i.delay_init) for delay_init
    main.o(i.main) refers to misc.o(i.NVIC_PriorityGroupConfig) for NVIC_PriorityGroupConfig
    main.o(i.main) refers to led.o(i.LED_Init) for LED_Init
    main.o(i.main) refers to usart.o(i.uart2_init) for uart2_init
    main.o(i.main) refers to motor_operate.o(i.motor_init) for motor_init
    main.o(i.main) refers to can.o(i.CAN_Mode_Init) for CAN_Mode_Init
    main.o(i.main) refers to f2d.o(.text) for __aeabi_f2d
    main.o(i.main) refers to printfa.o(i.__0printf) for __2printf
    main.o(i.main) refers to slave_can_protocol.o(.data) for RecBuf
    motor_operate.o(i.motor_brake) refers to stm32f10x_gpio.o(i.GPIO_SetBits) for GPIO_SetBits
    motor_operate.o(i.motor_brake) refers to motor_gpio.o(.bss) for Motor
    motor_operate.o(i.motor_brake) refers to motor_operate.o(.data) for motor_state
    motor_operate.o(i.motor_init) refers to as5600.o(i.as5600_init) for as5600_init
    motor_operate.o(i.motor_init) refers to pid.o(i.PID_CONTROLLER) for PID_CONTROLLER
    motor_operate.o(i.motor_init) refers to timer.o(i.TIM4_PWM_Init) for TIM4_PWM_Init
    motor_operate.o(i.motor_run) refers to stm32f10x_tim.o(i.TIM_SetCompare1) for TIM_SetCompare1
    motor_operate.o(i.motor_run) refers to stm32f10x_gpio.o(i.GPIO_ResetBits) for GPIO_ResetBits
    motor_operate.o(i.motor_run) refers to stm32f10x_tim.o(i.TIM_SetCompare2) for TIM_SetCompare2
    motor_operate.o(i.motor_run) refers to motor_gpio.o(.bss) for Motor
    motor_operate.o(i.motor_run) refers to motor_operate.o(.data) for motor_state
    pid.o(i.PID_CONTROLLER) refers to pid.o(i.setPID) for setPID
    pid.o(i.PID_CONTROLLER) refers to pid.o(i.setSampleTime) for setSampleTime
    pid.o(i.PID_CONTROLLER) refers to pid.o(i.clear) for clear
    pid.o(i.PID_CONTROLLER) refers to timer.o(i.PID_TIM3_Init) for PID_TIM3_Init
    pid.o(i.clear) refers to pid.o(.data) for Goal
    pid.o(i.getKd) refers to pid.o(.data) for kd
    pid.o(i.getKi) refers to pid.o(.data) for ki
    pid.o(i.getKp) refers to pid.o(.data) for kp
    pid.o(i.setGoal) refers to pid.o(.data) for Goal
    pid.o(i.setPID) refers to pid.o(.data) for kp
    pid.o(i.setSampleTime) refers to pid.o(.data) for SampleTime
    pid.o(i.update) refers to fadd.o(.text) for __aeabi_frsub
    pid.o(i.update) refers to fmul.o(.text) for __aeabi_fmul
    pid.o(i.update) refers to pid.o(.data) for Goal
    as5600.o(i.as5600_init) refers to softwareiic.o(i.IIC_Init) for IIC_Init
    as5600.o(i.as5600_init) refers to as5600.o(i.detectMagnet) for detectMagnet
    as5600.o(i.as5600_init) refers to as5600.o(i.getMagnitude) for getMagnitude
    as5600.o(i.as5600_init) refers to printfa.o(i.__0printf) for __2printf
    as5600.o(i.as5600_init) refers to as5600.o(i.setStartPosition) for setStartPosition
    as5600.o(i.as5600_init) refers to as5600.o(i.setEndPosition) for setEndPosition
    as5600.o(i.as5600_init) refers to delay.o(i.delay_ms) for delay_ms
    as5600.o(i.as5600_init) refers to timer.o(i.TIM1_Init) for TIM1_Init
    as5600.o(i.as5600_init) refers to timer.o(i.TIM2_Init) for TIM2_Init
    as5600.o(i.burnAngle) refers to as5600.o(i.getStartPosition) for getStartPosition
    as5600.o(i.burnAngle) refers to as5600.o(i.getEndPosition) for getEndPosition
    as5600.o(i.burnAngle) refers to as5600.o(i.getMaxAngle) for getMaxAngle
    as5600.o(i.burnAngle) refers to as5600.o(i.detectMagnet) for detectMagnet
    as5600.o(i.burnAngle) refers to as5600.o(i.getBurnCount) for getBurnCount
    as5600.o(i.burnAngle) refers to as5600.o(i.writeOneByte) for writeOneByte
    as5600.o(i.burnAngle) refers to as5600.o(.data) for _zPosition
    as5600.o(i.burnMaxAngleAndConfig) refers to as5600.o(i.getMaxAngle) for getMaxAngle
    as5600.o(i.burnMaxAngleAndConfig) refers to as5600.o(i.getBurnCount) for getBurnCount
    as5600.o(i.burnMaxAngleAndConfig) refers to dfltui.o(.text) for __aeabi_ui2d
    as5600.o(i.burnMaxAngleAndConfig) refers to dmul.o(.text) for __aeabi_dmul
    as5600.o(i.burnMaxAngleAndConfig) refers to cdcmple.o(.text) for __aeabi_cdcmple
    as5600.o(i.burnMaxAngleAndConfig) refers to as5600.o(i.writeOneByte) for writeOneByte
    as5600.o(i.burnMaxAngleAndConfig) refers to as5600.o(.data) for _maxAngle
    as5600.o(i.convertRawAngleToDegrees) refers to dfltui.o(.text) for __aeabi_ui2d
    as5600.o(i.convertRawAngleToDegrees) refers to dmul.o(.text) for __aeabi_dmul
    as5600.o(i.convertRawAngleToDegrees) refers to d2f.o(.text) for __aeabi_d2f
    as5600.o(i.convertScaledAngleToDegrees) refers to as5600.o(i.getStartPosition) for getStartPosition
    as5600.o(i.convertScaledAngleToDegrees) refers to as5600.o(i.getEndPosition) for getEndPosition
    as5600.o(i.convertScaledAngleToDegrees) refers to as5600.o(i.getMaxAngle) for getMaxAngle
[...]
    Removing stm32f10x_flash.o(i.FLASH_Lock), (20 bytes).
    Removing stm32f10x_flash.o(i.FLASH_LockBank1), (20 bytes).
    Removing stm32f10x_flash.o(i.FLASH_PrefetchBufferCmd), (28 bytes).
    Removing stm32f10x_flash.o(i.FLASH_ProgramHalfWord), (64 bytes).
    Removing stm32f10x_flash.o(i.FLASH_ProgramOptionByteData), (84 bytes).
    Removing stm32f10x_flash.o(i.FLASH_ProgramWord), (108 bytes).
    Removing stm32f10x_flash.o(i.FLASH_ReadOutProtection), (172 bytes).
    Removing stm32f10x_flash.o(i.FLASH_SetLatency), (24 bytes).
    Removing stm32f10x_flash.o(i.FLASH_Unlock), (24 bytes).
    Removing stm32f10x_flash.o(i.FLASH_UnlockBank1), (24 bytes).
    Removing stm32f10x_flash.o(i.FLASH_UserOptionByteConfig), (104 bytes).
    Removing stm32f10x_flash.o(i.FLASH_WaitForLastBank1Operation), (38 bytes).
    Removing stm32f10x_flash.o(i.FLASH_WaitForLastOperation), (38 bytes).
    Removing stm32f10x_fsmc.o(i.FSMC_ClearFlag), (64 bytes).
    Removing stm32f10x_fsmc.o(i.FSMC_ClearITPendingBit), (72 bytes).
    Removing stm32f10x_fsmc.o(i.FSMC_GetECC), (28 bytes).
    Removing stm32f10x_fsmc.o(i.FSMC_GetFlagStatus), (56 bytes).
    Removing stm32f10x_fsmc.o(i.FSMC_GetITStatus), (68 bytes).
    Removing stm32f10x_fsmc.o(i.FSMC_ITConfig), (128 bytes).
    Removing stm32f10x_fsmc.o(i.FSMC_NANDCmd), (92 bytes).
    Removing stm32f10x_fsmc.o(i.FSMC_NANDDeInit), (68 bytes).
    Removing stm32f10x_fsmc.o(i.FSMC_NANDECCCmd), (92 bytes).
    Removing stm32f10x_fsmc.o(i.FSMC_NANDInit), (136 bytes).
    Removing stm32f10x_fsmc.o(i.FSMC_NANDStructInit), (54 bytes).
    Removing stm32f10x_fsmc.o(i.FSMC_NORSRAMCmd), (52 bytes).
    Removing stm32f10x_fsmc.o(i.FSMC_NORSRAMDeInit), (54 bytes).
    Removing stm32f10x_fsmc.o(i.FSMC_NORSRAMInit), (230 bytes).
    Removing stm32f10x_fsmc.o(i.FSMC_NORSRAMStructInit), (114 bytes).
    Removing stm32f10x_fsmc.o(i.FSMC_PCCARDCmd), (48 bytes).
    Removing stm32f10x_fsmc.o(i.FSMC_PCCARDDeInit), (40 bytes).
    Removing stm32f10x_fsmc.o(i.FSMC_PCCARDInit), (132 bytes).
    Removing stm32f10x_fsmc.o(i.FSMC_PCCARDStructInit), (60 bytes).
    Removing stm32f10x_gpio.o(i.GPIO_AFIODeInit), (20 bytes).
    Removing stm32f10x_gpio.o(i.GPIO_DeInit), (200 bytes).
    Removing stm32f10x_gpio.o(i.GPIO_ETH_MediaInterfaceConfig), (12 bytes).
    Removing stm32f10x_gpio.o(i.GPIO_EXTILineConfig), (64 bytes).
    Removing stm32f10x_gpio.o(i.GPIO_EventOutputCmd), (12 bytes).
    Removing stm32f10x_gpio.o(i.GPIO_EventOutputConfig), (32 bytes).
    Removing stm32f10x_gpio.o(i.GPIO_PinLockConfig), (18 bytes).
    Removing stm32f10x_gpio.o(i.GPIO_PinRemapConfig), (144 bytes).
    Removing stm32f10x_gpio.o(i.GPIO_ReadInputData), (8 bytes).
    Removing stm32f10x_gpio.o(i.GPIO_ReadInputDataBit), (18 bytes).
    Removing stm32f10x_gpio.o(i.GPIO_ReadOutputData), (8 bytes).
    Removing stm32f10x_gpio.o(i.GPIO_ReadOutputDataBit), (18 bytes).
    Removing stm32f10x_gpio.o(i.GPIO_StructInit), (16 bytes).
    Removing stm32f10x_gpio.o(i.GPIO_Write), (4 bytes).
    Removing stm32f10x_gpio.o(i.GPIO_WriteBit), (10 bytes).
    Removing stm32f10x_i2c.o(i.I2C_ARPCmd), (24 bytes).
    Removing stm32f10x_i2c.o(i.I2C_AcknowledgeConfig), (24 bytes).
    Removing stm32f10x_i2c.o(i.I2C_CalculatePEC), (24 bytes).
    Removing stm32f10x_i2c.o(i.I2C_CheckEvent), (42 bytes).
    Removing stm32f10x_i2c.o(i.I2C_ClearFlag), (12 bytes).
    Removing stm32f10x_i2c.o(i.I2C_ClearITPendingBit), (12 bytes).
    Removing stm32f10x_i2c.o(i.I2C_Cmd), (24 bytes).
    Removing stm32f10x_i2c.o(i.I2C_DMACmd), (24 bytes).
    Removing stm32f10x_i2c.o(i.I2C_DMALastTransferCmd), (24 bytes).
    Removing stm32f10x_i2c.o(i.I2C_DeInit), (56 bytes).
    Removing stm32f10x_i2c.o(i.I2C_DualAddressCmd), (24 bytes).
    Removing stm32f10x_i2c.o(i.I2C_FastModeDutyCycleConfig), (28 bytes).
    Removing stm32f10x_i2c.o(i.I2C_GeneralCallCmd), (24 bytes).
    Removing stm32f10x_i2c.o(i.I2C_GenerateSTART), (24 bytes).
    Removing stm32f10x_i2c.o(i.I2C_GenerateSTOP), (24 bytes).
    Removing stm32f10x_i2c.o(i.I2C_GetFlagStatus), (58 bytes).
    Removing stm32f10x_i2c.o(i.I2C_GetITStatus), (38 bytes).
    Removing stm32f10x_i2c.o(i.I2C_GetLastEvent), (26 bytes).
    Removing stm32f10x_i2c.o(i.I2C_GetPEC), (8 bytes).
    Removing stm32f10x_i2c.o(i.I2C_ITConfig), (18 bytes).
    Removing stm32f10x_i2c.o(i.I2C_Init), (236 bytes).
    Removing stm32f10x_i2c.o(i.I2C_NACKPositionConfig), (28 bytes).
    Removing stm32f10x_i2c.o(i.I2C_OwnAddress2Config), (22 bytes).
    Removing stm32f10x_i2c.o(i.I2C_PECPositionConfig), (28 bytes).
    Removing stm32f10x_i2c.o(i.I2C_ReadRegister), (22 bytes).
    Removing stm32f10x_i2c.o(i.I2C_ReceiveData), (8 bytes).
    Removing stm32f10x_i2c.o(i.I2C_SMBusAlertConfig), (28 bytes).
    Removing stm32f10x_i2c.o(i.I2C_Send7bitAddress), (18 bytes).
    Removing stm32f10x_i2c.o(i.I2C_SendData), (4 bytes).
    Removing stm32f10x_i2c.o(i.I2C_SoftwareResetCmd), (22 bytes).
    Removing stm32f10x_i2c.o(i.I2C_StretchClockCmd), (24 bytes).
    Removing stm32f10x_i2c.o(i.I2C_StructInit), (30 bytes).
    Removing stm32f10x_i2c.o(i.I2C_TransmitPEC), (24 bytes).
    Removing stm32f10x_iwdg.o(i.IWDG_Enable), (16 bytes).
    Removing stm32f10x_iwdg.o(i.IWDG_GetFlagStatus), (24 bytes).
    Removing stm32f10x_iwdg.o(i.IWDG_ReloadCounter), (16 bytes).
    Removing stm32f10x_iwdg.o(i.IWDG_SetPrescaler), (12 bytes).
    Removing stm32f10x_iwdg.o(i.IWDG_SetReload), (12 bytes).
    Removing stm32f10x_iwdg.o(i.IWDG_WriteAccessCmd), (12 bytes).
    Removing stm32f10x_pwr.o(i.PWR_BackupAccessCmd), (12 bytes).
    Removing stm32f10x_pwr.o(i.PWR_ClearFlag), (20 bytes).
    Removing stm32f10x_pwr.o(i.PWR_DeInit), (22 bytes).
    Removing stm32f10x_pwr.o(i.PWR_EnterSTANDBYMode), (52 bytes).
    Removing stm32f10x_pwr.o(i.PWR_EnterSTOPMode), (64 bytes).
    Removing stm32f10x_pwr.o(i.PWR_GetFlagStatus), (24 bytes).
    Removing stm32f10x_pwr.o(i.PWR_PVDCmd), (12 bytes).
    Removing stm32f10x_pwr.o(i.PWR_PVDLevelConfig), (24 bytes).
    Removing stm32f10x_pwr.o(i.PWR_WakeUpPinCmd), (12 bytes).
    Removing stm32f10x_rcc.o(i.RCC_ADCCLKConfig), (24 bytes).
    Removing stm32f10x_rcc.o(i.RCC_AHBPeriphClockCmd), (32 bytes).
    Removing stm32f10x_rcc.o(i.RCC_APB1PeriphResetCmd), (32 bytes).
    Removing stm32f10x_rcc.o(i.RCC_APB2PeriphResetCmd), (32 bytes).
    Removing stm32f10x_rcc.o(i.RCC_AdjustHSICalibrationValue), (24 bytes).
    Removing stm32f10x_rcc.o(i.RCC_BackupResetCmd), (12 bytes).
    Removing stm32f10x_rcc.o(i.RCC_ClearFlag), (20 bytes).
    Removing stm32f10x_rcc.o(i.RCC_ClearITPendingBit), (12 bytes).
    Removing stm32f10x_rcc.o(i.RCC_ClockSecuritySystemCmd), (12 bytes).
    Removing stm32f10x_rcc.o(i.RCC_DeInit), (76 bytes).
    Removing stm32f10x_rcc.o(i.RCC_GetFlagStatus), (60 bytes).
    Removing stm32f10x_rcc.o(i.RCC_GetITStatus), (24 bytes).
    Removing stm32f10x_rcc.o(i.RCC_GetSYSCLKSource), (16 bytes).
    Removing stm32f10x_rcc.o(i.RCC_HCLKConfig), (24 bytes).
    Removing stm32f10x_rcc.o(i.RCC_HSEConfig), (76 bytes).
    Removing stm32f10x_rcc.o(i.RCC_HSICmd), (12 bytes).
    Removing stm32f10x_rcc.o(i.RCC_ITConfig), (32 bytes).
    Removing stm32f10x_rcc.o(i.RCC_LSEConfig), (52 bytes).
    Removing stm32f10x_rcc.o(i.RCC_LSICmd), (12 bytes).
    Removing stm32f10x_rcc.o(i.RCC_MCOConfig), (12 bytes).
    Removing stm32f10x_rcc.o(i.RCC_PCLK1Config), (24 bytes).
    Removing stm32f10x_rcc.o(i.RCC_PCLK2Config), (24 bytes).
    Removing stm32f10x_rcc.o(i.RCC_PLLCmd), (12 bytes).
    Removing stm32f10x_rcc.o(i.RCC_PLLConfig), (28 bytes).
    Removing stm32f10x_rcc.o(i.RCC_RTCCLKCmd), (12 bytes).
    Removing stm32f10x_rcc.o(i.RCC_RTCCLKConfig), (16 bytes).
    Removing stm32f10x_rcc.o(i.RCC_SYSCLKConfig), (24 bytes).
    Removing stm32f10x_rcc.o(i.RCC_USBCLKConfig), (12 bytes).
    Removing stm32f10x_rcc.o(i.RCC_WaitForHSEStartUp), (56 bytes).
    Removing stm32f10x_rtc.o(i.RTC_ClearFlag), (16 bytes).
    Removing stm32f10x_rtc.o(i.RTC_ClearITPendingBit), (16 bytes).
    Removing stm32f10x_rtc.o(i.RTC_EnterConfigMode), (20 bytes).
    Removing stm32f10x_rtc.o(i.RTC_ExitConfigMode), (20 bytes).
    Removing stm32f10x_rtc.o(i.RTC_GetCounter), (20 bytes).
    Removing stm32f10x_rtc.o(i.RTC_GetDivider), (24 bytes).
    Removing stm32f10x_rtc.o(i.RTC_GetFlagStatus), (24 bytes).
    Removing stm32f10x_rtc.o(i.RTC_GetITStatus), (36 bytes).
    Removing stm32f10x_rtc.o(i.RTC_ITConfig), (32 bytes).
    Removing stm32f10x_rtc.o(i.RTC_SetAlarm), (28 bytes).
    Removing stm32f10x_rtc.o(i.RTC_SetCounter), (28 bytes).
    Removing stm32f10x_rtc.o(i.RTC_SetPrescaler), (32 bytes).
    Removing stm32f10x_rtc.o(i.RTC_WaitForLastTask), (20 bytes).
    Removing stm32f10x_rtc.o(i.RTC_WaitForSynchro), (36 bytes).
    Removing stm32f10x_sdio.o(i.SDIO_CEATAITCmd), (16 bytes).
    Removing stm32f10x_sdio.o(i.SDIO_ClearFlag), (12 bytes).
    Removing stm32f10x_sdio.o(i.SDIO_ClearITPendingBit), (12 bytes).
    Removing stm32f10x_sdio.o(i.SDIO_ClockCmd), (12 bytes).
    Removing stm32f10x_sdio.o(i.SDIO_CmdStructInit), (14 bytes).
    Removing stm32f10x_sdio.o(i.SDIO_CommandCompletionCmd), (12 bytes).
    Removing stm32f10x_sdio.o(i.SDIO_DMACmd), (12 bytes).
    Removing stm32f10x_sdio.o(i.SDIO_DataConfig), (48 bytes).
    Removing stm32f10x_sdio.o(i.SDIO_DataStructInit), (20 bytes).
    Removing stm32f10x_sdio.o(i.SDIO_DeInit), (36 bytes).
    Removing stm32f10x_sdio.o(i.SDIO_GetCommandResponse), (12 bytes).
    Removing stm32f10x_sdio.o(i.SDIO_GetDataCounter), (12 bytes).
    Removing stm32f10x_sdio.o(i.SDIO_GetFIFOCount), (12 bytes).
    Removing stm32f10x_sdio.o(i.SDIO_GetFlagStatus), (24 bytes).
    Removing stm32f10x_sdio.o(i.SDIO_GetITStatus), (24 bytes).
    Removing stm32f10x_sdio.o(i.SDIO_GetPowerState), (16 bytes).
    Removing stm32f10x_sdio.o(i.SDIO_GetResponse), (24 bytes).
    Removing stm32f10x_sdio.o(i.SDIO_ITConfig), (32 bytes).
    Removing stm32f10x_sdio.o(i.SDIO_Init), (48 bytes).
    Removing stm32f10x_sdio.o(i.SDIO_ReadData), (12 bytes).
    Removing stm32f10x_sdio.o(i.SDIO_SendCEATACmd), (12 bytes).
    Removing stm32f10x_sdio.o(i.SDIO_SendCommand), (44 bytes).
    Removing stm32f10x_sdio.o(i.SDIO_SendSDIOSuspendCmd), (12 bytes).
    Removing stm32f10x_sdio.o(i.SDIO_SetPowerState), (28 bytes).
    Removing stm32f10x_sdio.o(i.SDIO_SetSDIOOperation), (12 bytes).
    Removing stm32f10x_sdio.o(i.SDIO_SetSDIOReadWaitMode), (12 bytes).
    Removing stm32f10x_sdio.o(i.SDIO_StartSDIOReadWait), (12 bytes).
    Removing stm32f10x_sdio.o(i.SDIO_StopSDIOReadWait), (12 bytes).
    Removing stm32f10x_sdio.o(i.SDIO_StructInit), (16 bytes).
    Removing stm32f10x_sdio.o(i.SDIO_WriteData), (12 bytes).
    Removing stm32f10x_spi.o(i.I2S_Cmd), (24 bytes).
    Removing stm32f10x_spi.o(i.I2S_Init), (232 bytes).
    Removing stm32f10x_spi.o(i.I2S_StructInit), (20 bytes).
    Removing stm32f10x_spi.o(i.SPI_BiDirectionalLineConfig), (28 bytes).
    Removing stm32f10x_spi.o(i.SPI_CalculateCRC), (24 bytes).
    Removing stm32f10x_spi.o(i.SPI_Cmd), (24 bytes).
    Removing stm32f10x_spi.o(i.SPI_DataSizeConfig), (18 bytes).
    Removing stm32f10x_spi.o(i.SPI_GetCRC), (16 bytes).
    Removing stm32f10x_spi.o(i.SPI_GetCRCPolynomial), (6 bytes).
    Removing stm32f10x_spi.o(i.SPI_I2S_ClearFlag), (6 bytes).
    Removing stm32f10x_spi.o(i.SPI_I2S_ClearITPendingBit), (20 bytes).
    Removing stm32f10x_spi.o(i.SPI_I2S_DMACmd), (18 bytes).
    Removing stm32f10x_spi.o(i.SPI_I2S_DeInit), (88 bytes).
    Removing stm32f10x_spi.o(i.SPI_I2S_GetFlagStatus), (18 bytes).
    Removing stm32f10x_spi.o(i.SPI_I2S_GetITStatus), (52 bytes).
    Removing stm32f10x_spi.o(i.SPI_I2S_ITConfig), (32 bytes).
    Removing stm32f10x_spi.o(i.SPI_I2S_ReceiveData), (6 bytes).
    Removing stm32f10x_spi.o(i.SPI_I2S_SendData), (4 bytes).
    Removing stm32f10x_spi.o(i.SPI_Init), (60 bytes).
    Removing stm32f10x_spi.o(i.SPI_NSSInternalSoftwareConfig), (30 bytes).
    Removing stm32f10x_spi.o(i.SPI_SSOutputCmd), (24 bytes).
    Removing stm32f10x_spi.o(i.SPI_StructInit), (24 bytes).
    Removing stm32f10x_spi.o(i.SPI_TransmitCRC), (10 bytes).
    Removing stm32f10x_tim.o(i.TI1_Config), (128 bytes).
    Removing stm32f10x_tim.o(i.TI2_Config), (152 bytes).
    Removing stm32f10x_tim.o(i.TI3_Config), (144 bytes).
    Removing stm32f10x_tim.o(i.TI4_Config), (152 bytes).
    Removing stm32f10x_tim.o(i.TIM_ARRPreloadConfig), (24 bytes).
    Removing stm32f10x_tim.o(i.TIM_BDTRConfig), (32 bytes).
    Removing stm32f10x_tim.o(i.TIM_BDTRStructInit), (18 bytes).
    Removing stm32f10x_tim.o(i.TIM_CCPreloadControl), (24 bytes).
    Removing stm32f10x_tim.o(i.TIM_CCxCmd), (30 bytes).
    Removing stm32f10x_tim.o(i.TIM_CCxNCmd), (30 bytes).
    Removing stm32f10x_tim.o(i.TIM_ClearOC1Ref), (18 bytes).
    Removing stm32f10x_tim.o(i.TIM_ClearOC2Ref), (24 bytes).
    Removing stm32f10x_tim.o(i.TIM_ClearOC3Ref), (18 bytes).
    Removing stm32f10x_tim.o(i.TIM_ClearOC4Ref), (24 bytes).
    Removing stm32f10x_tim.o(i.TIM_CounterModeConfig), (18 bytes).
    Removing stm32f10x_tim.o(i.TIM_CtrlPWMOutputs), (30 bytes).
    Removing stm32f10x_tim.o(i.TIM_DMACmd), (18 bytes).
    Removing stm32f10x_tim.o(i.TIM_DMAConfig), (10 bytes).
    Removing stm32f10x_tim.o(i.TIM_DeInit), (488 bytes).
    Removing stm32f10x_tim.o(i.TIM_ETRClockMode1Config), (54 bytes).
    Removing stm32f10x_tim.o(i.TIM_ETRClockMode2Config), (32 bytes).
    Removing stm32f10x_tim.o(i.TIM_ETRConfig), (28 bytes).
    Removing stm32f10x_tim.o(i.TIM_EncoderInterfaceConfig), (66 bytes).
    Removing stm32f10x_tim.o(i.TIM_ForcedOC1Config), (18 bytes).
    Removing stm32f10x_tim.o(i.TIM_ForcedOC2Config), (26 bytes).
    Removing stm32f10x_tim.o(i.TIM_ForcedOC3Config), (18 bytes).
    Removing stm32f10x_tim.o(i.TIM_ForcedOC4Config), (26 bytes).
    Removing stm32f10x_tim.o(i.TIM_GenerateEvent), (4 bytes).
    Removing stm32f10x_tim.o(i.TIM_GetCapture1), (6 bytes).
    Removing stm32f10x_tim.o(i.TIM_GetCapture2), (6 bytes).
    Removing stm32f10x_tim.o(i.TIM_GetCapture3), (6 bytes).
    Removing stm32f10x_tim.o(i.TIM_GetCapture4), (8 bytes).
    Removing stm32f10x_tim.o(i.TIM_GetCounter), (6 bytes).
    Removing stm32f10x_tim.o(i.TIM_GetFlagStatus), (18 bytes).
    Removing stm32f10x_tim.o(i.TIM_GetPrescaler), (6 bytes).
    Removing stm32f10x_tim.o(i.TIM_ICInit), (172 bytes).
    Removing stm32f10x_tim.o(i.TIM_ICStructInit), (18 bytes).
    Removing stm32f10x_tim.o(i.TIM_ITRxExternalClockConfig), (24 bytes).
    Removing stm32f10x_tim.o(i.TIM_InternalClockConfig), (12 bytes).
    Removing stm32f10x_tim.o(i.TIM_OC1FastConfig), (18 bytes).
    Removing stm32f10x_tim.o(i.TIM_OC1NPolarityConfig), (18 bytes).
    Removing stm32f10x_tim.o(i.TIM_OC1PolarityConfig), (18 bytes).
    Removing stm32f10x_tim.o(i.TIM_OC2FastConfig), (26 bytes).
    Removing stm32f10x_tim.o(i.TIM_OC2NPolarityConfig), (26 bytes).
    Removing stm32f10x_tim.o(i.TIM_OC2PolarityConfig), (26 bytes).
    Removing stm32f10x_tim.o(i.TIM_OC3FastConfig), (18 bytes).
    Removing stm32f10x_tim.o(i.TIM_OC3Init), (160 bytes).
    Removing stm32f10x_tim.o(i.TIM_OC3NPolarityConfig), (26 bytes).
    Removing stm32f10x_tim.o(i.TIM_OC3PolarityConfig), (26 bytes).
    Removing stm32f10x_tim.o(i.TIM_OC3PreloadConfig), (18 bytes).
    Removing stm32f10x_tim.o(i.TIM_OC4FastConfig), (26 bytes).
    Removing stm32f10x_tim.o(i.TIM_OC4Init), (124 bytes).
    Removing stm32f10x_tim.o(i.TIM_OC4PolarityConfig), (26 bytes).
    Removing stm32f10x_tim.o(i.TIM_OC4PreloadConfig), (26 bytes).
    Removing stm32f10x_tim.o(i.TIM_OCStructInit), (20 bytes).
    Removing stm32f10x_tim.o(i.TIM_PWMIConfig), (124 bytes).
    Removing stm32f10x_tim.o(i.TIM_PrescalerConfig), (6 bytes).
    Removing stm32f10x_tim.o(i.TIM_SelectCCDMA), (24 bytes).
    Removing stm32f10x_tim.o(i.TIM_SelectCOM), (24 bytes).
    Removing stm32f10x_tim.o(i.TIM_SelectHallSensor), (24 bytes).
    Removing stm32f10x_tim.o(i.TIM_SelectInputTrigger), (18 bytes).
    Removing stm32f10x_tim.o(i.TIM_SelectMasterSlaveMode), (18 bytes).
    Removing stm32f10x_tim.o(i.TIM_SelectOCxM), (82 bytes).
    Removing stm32f10x_tim.o(i.TIM_SelectOnePulseMode), (18 bytes).
    Removing stm32f10x_tim.o(i.TIM_SelectOutputTrigger), (18 bytes).
    Removing stm32f10x_tim.o(i.TIM_SelectSlaveMode), (18 bytes).
    Removing stm32f10x_tim.o(i.TIM_SetAutoreload), (4 bytes).
    Removing stm32f10x_tim.o(i.TIM_SetClockDivision), (18 bytes).
    Removing stm32f10x_tim.o(i.TIM_SetCompare3), (4 bytes).
    Removing stm32f10x_tim.o(i.TIM_SetCompare4), (6 bytes).
    Removing stm32f10x_tim.o(i.TIM_SetCounter), (4 bytes).
    Removing stm32f10x_tim.o(i.TIM_SetIC1Prescaler), (18 bytes).
    Removing stm32f10x_tim.o(i.TIM_SetIC2Prescaler), (26 bytes).
    Removing stm32f10x_tim.o(i.TIM_SetIC3Prescaler), (18 bytes).
    Removing stm32f10x_tim.o(i.TIM_SetIC4Prescaler), (26 bytes).
    Removing stm32f10x_tim.o(i.TIM_TIxExternalClockConfig), (62 bytes).
    Removing stm32f10x_tim.o(i.TIM_TimeBaseStructInit), (18 bytes).
    Removing stm32f10x_tim.o(i.TIM_UpdateDisableConfig), (24 bytes).
    Removing stm32f10x_tim.o(i.TIM_UpdateRequestConfig), (24 bytes).
    Removing stm32f10x_usart.o(i.USART_ClearFlag), (18 bytes).
    Removing stm32f10x_usart.o(i.USART_ClearITPendingBit), (30 bytes).
    Removing stm32f10x_usart.o(i.USART_ClockInit), (34 bytes).
    Removing stm32f10x_usart.o(i.USART_ClockStructInit), (12 bytes).
    Removing stm32f10x_usart.o(i.USART_DMACmd), (18 bytes).
    Removing stm32f10x_usart.o(i.USART_DeInit), (156 bytes).
    Removing stm32f10x_usart.o(i.USART_GetFlagStatus), (26 bytes).
    Removing stm32f10x_usart.o(i.USART_HalfDuplexCmd), (24 bytes).
    Removing stm32f10x_usart.o(i.USART_IrDACmd), (24 bytes).
    Removing stm32f10x_usart.o(i.USART_IrDAConfig), (18 bytes).
    Removing stm32f10x_usart.o(i.USART_LINBreakDetectLengthConfig), (18 bytes).
    Removing stm32f10x_usart.o(i.USART_LINCmd), (24 bytes).
    Removing stm32f10x_usart.o(i.USART_OneBitMethodCmd), (24 bytes).
    Removing stm32f10x_usart.o(i.USART_OverSampling8Cmd), (22 bytes).
    Removing stm32f10x_usart.o(i.USART_ReceiverWakeUpCmd), (24 bytes).
    Removing stm32f10x_usart.o(i.USART_SendBreak), (10 bytes).
    Removing stm32f10x_usart.o(i.USART_SendData), (8 bytes).
    Removing stm32f10x_usart.o(i.USART_SetAddress), (18 bytes).
    Removing stm32f10x_usart.o(i.USART_SetGuardTime), (16 bytes).
    Removing stm32f10x_usart.o(i.USART_SetPrescaler), (16 bytes).
    Removing stm32f10x_usart.o(i.USART_SmartCardCmd), (24 bytes).
    Removing stm32f10x_usart.o(i.USART_SmartCardNACKCmd), (24 bytes).
    Removing stm32f10x_usart.o(i.USART_StructInit), (24 bytes).
    Removing stm32f10x_usart.o(i.USART_WakeUpConfig), (18 bytes).
    Removing stm32f10x_wwdg.o(i.WWDG_ClearFlag), (12 bytes).
    Removing stm32f10x_wwdg.o(i.WWDG_DeInit), (22 bytes).
    Removing stm32f10x_wwdg.o(i.WWDG_Enable), (16 bytes).
    Removing stm32f10x_wwdg.o(i.WWDG_EnableIT), (12 bytes).
    Removing stm32f10x_wwdg.o(i.WWDG_GetFlagStatus), (12 bytes).
    Removing stm32f10x_wwdg.o(i.WWDG_SetCounter), (16 bytes).
    Removing stm32f10x_wwdg.o(i.WWDG_SetPrescaler), (24 bytes).
    Removing stm32f10x_wwdg.o(i.WWDG_SetWindowValue), (40 bytes).
    Removing system_stm32f10x.o(i.SystemCoreClockUpdate), (164 bytes).
    Removing core_cm3.o(.emb_text), (32 bytes).
    Removing startup_stm32f10x_md.o(HEAP), (512 bytes).
    Removing ffltui.o(.text), (10 bytes).
    Removing cdcmple.o(.text), (48 bytes).

490 unused section(s) (total 19885 bytes) removed from the image.

==============================================================================

Image Symbol Table

    Local Symbols

    Symbol Name                              Value     Ov Type        Size  Object(Section)

    ../clib/microlib/division.c              0x00000000   Number         0  uidiv.o ABSOLUTE
    ../clib/microlib/division.c              0x00000000   Number         0  uldiv.o ABSOLUTE
    ../clib/microlib/init/entry.s            0x00000000   Number         0  entry.o ABSOLUTE
    ../clib/microlib/init/entry.s            0x00000000   Number         0  entry11b.o ABSOLUTE
    ../clib/microlib/init/entry.s            0x00000000   Number         0  entry8b.o ABSOLUTE
    ../clib/microlib/init/entry.s            0x00000000   Number         0  entry11a.o ABSOLUTE
    ../clib/microlib/init/entry.s            0x00000000   Number         0  entry10b.o ABSOLUTE
    ../clib/microlib/init/entry.s            0x00000000   Number         0  entry10a.o ABSOLUTE
    ../clib/microlib/init/entry.s            0x00000000   Number         0  entry5.o ABSOLUTE
    ../clib/microlib/init/entry.s            0x00000000   Number         0  entry9b.o ABSOLUTE
    ../clib/microlib/init/entry.s            0x00000000   Number         0  entry8a.o ABSOLUTE
    ../clib/microlib/init/entry.s            0x00000000   Number         0  entry7a.o ABSOLUTE
    ../clib/microlib/init/entry.s            0x00000000   Number         0  entry2.o ABSOLUTE
    ../clib/microlib/init/entry.s            0x00000000   Number         0  entry7b.o ABSOLUTE
    ../clib/microlib/init/entry.s            0x00000000   Number         0  entry9a.o ABSOLUTE
    ../clib/microlib/longlong.c              0x00000000   Number         0  llshl.o ABSOLUTE
    ../clib/microlib/longlong.c              0x00000000   Number         0  llushr.o ABSOLUTE
    ../clib/microlib/longlong.c              0x00000000   Number         0  llsshr.o ABSOLUTE
    ../clib/microlib/printf/printf.c         0x00000000   Number         0  printfb.o ABSOLUTE
    ../clib/microlib/printf/printf.c         0x00000000   Number         0  printf4.o ABSOLUTE
    ../clib/microlib/printf/printf.c         0x00000000   Number         0  printf3.o ABSOLUTE
    ../clib/microlib/printf/printf.c         0x00000000   Number         0  printf6.o ABSOLUTE
    ../clib/microlib/printf/printf.c         0x00000000   Number         0  printfa.o ABSOLUTE
    ../clib/microlib/printf/printf.c         0x00000000   Number         0  printf8.o ABSOLUTE
    ../clib/microlib/printf/printf.c         0x00000000   Number         0  printf7.o ABSOLUTE
    ../clib/microlib/printf/printf.c         0x00000000   Number         0  printf5.o ABSOLUTE
    ../clib/microlib/printf/printf.c         0x00000000   Number         0  printf2.o ABSOLUTE
    ../clib/microlib/printf/printf.c         0x00000000   Number         0  printf1.o ABSOLUTE
    ../clib/microlib/printf/printf.c         0x00000000   Number         0  printf0.o ABSOLUTE
    ../clib/microlib/printf/stubs.s          0x00000000   Number         0  stubs.o ABSOLUTE
    ../clib/microlib/stubs.s                 0x00000000   Number         0  iusefp.o ABSOLUTE
    ../clib/microlib/stubs.s                 0x00000000   Number         0  useno.o ABSOLUTE
    ../fplib/microlib/d2f.c                  0x00000000   Number         0  d2f.o ABSOLUTE
    ../fplib/microlib/f2d.c                  0x00000000   Number         0  f2d.o ABSOLUTE
    ../fplib/microlib/fpadd.c                0x00000000   Number         0  fadd.o ABSOLUTE
    ../fplib/microlib/fpadd.c                0x00000000   Number         0  dadd.o ABSOLUTE
    ../fplib/microlib/fpdiv.c                0x00000000   Number         0  fdiv.o ABSOLUTE
    ../fplib/microlib/fpdiv.c                0x00000000   Number         0  ddiv.o ABSOLUTE
    ../fplib/microlib/fpepilogue.c           0x00000000   Number         0  depilogue.o ABSOLUTE
    ../fplib/microlib/fpepilogue.c           0x00000000   Number         0  fepilogue.o ABSOLUTE
    ../fplib/microlib/fpfix.c                0x00000000   Number         0  ffixi.o ABSOLUTE
    ../fplib/microlib/fpfix.c                0x00000000   Number         0  dfixul.o ABSOLUTE
    ../fplib/microlib/fpfix.c                0x00000000   Number         0  ffixui.o ABSOLUTE
    ../fplib/microlib/fpflt.c                0x00000000   Number         0  dflti.o ABSOLUTE
    ../fplib/microlib/fpflt.c                0x00000000   Number         0  ffltui.o ABSOLUTE
    ../fplib/microlib/fpflt.c                0x00000000   Number         0  fflti.o ABSOLUTE
    ../fplib/microlib/fpflt.c                0x00000000   Number         0  dfltui.o ABSOLUTE
    ../fplib/microlib/fpmul.c                0x00000000   Number         0  dmul.o ABSOLUTE
    ../fplib/microlib/fpmul.c                0x00000000   Number         0  fmul.o ABSOLUTE
    Libraries\CORE\core_cm3.c                0x00000000   Number         0  core_cm3.o ABSOLUTE
    Libraries\CORE\startup_stm32f10x_md.s    0x00000000   Number         0  startup_stm32f10x_md.o ABSOLUTE
    Libraries\STM32F10x_StdPeriph_Driver\src\misc.c 0x00000000   Number         0  misc.o ABSOLUTE
    Libraries\STM32F10x_StdPeriph_Driver\src\stm32f10x_adc.c 0x00000000   Number         0  stm32f10x_adc.o ABSOLUTE
    Libraries\STM32F10x_StdPeriph_Driver\src\stm32f10x_bkp.c 0x00000000   Number         0  stm32f10x_bkp.o ABSOLUTE
    Libraries\STM32F10x_StdPeriph_Driver\src\stm32f10x_can.c 0x00000000   Number         0  stm32f10x_can.o ABSOLUTE
    Libraries\STM32F10x_StdPeriph_Driver\src\stm32f10x_cec.c 0x00000000   Number         0  stm32f10x_cec.o ABSOLUTE
    Libraries\STM32F10x_StdPeriph_Driver\src\stm32f10x_crc.c 0x00000000   Number         0  stm32f10x_crc.o ABSOLUTE
    Libraries\STM32F10x_StdPeriph_Driver\src\stm32f10x_dac.c 0x00000000   Number         0  stm32f10x_dac.o ABSOLUTE
    Libraries\STM32F10x_StdPeriph_Driver\src\stm32f10x_dbgmcu.c 0x00000000   Number         0  stm32f10x_dbgmcu.o ABSOLUTE
    Libraries\STM32F10x_StdPeriph_Driver\src\stm32f10x_dma.c 0x00000000   Number         0  stm32f10x_dma.o ABSOLUTE
    Libraries\STM32F10x_StdPeriph_Driver\src\stm32f10x_exti.c 0x00000000   Number         0  stm32f10x_exti.o ABSOLUTE
    Libraries\STM32F10x_StdPeriph_Driver\src\stm32f10x_flash.c 0x00000000   Number         0  stm32f10x_flash.o ABSOLUTE
    Libraries\STM32F10x_StdPeriph_Driver\src\stm32f10x_fsmc.c 0x00000000   Number         0  stm32f10x_fsmc.o ABSOLUTE
    Libraries\STM32F10x_StdPeriph_Driver\src\stm32f10x_gpio.c 0x00000000   Number         0  stm32f10x_gpio.o ABSOLUTE
    Libraries\STM32F10x_StdPeriph_Driver\src\stm32f10x_i2c.c 0x00000000   Number         0  stm32f10x_i2c.o ABSOLUTE
    Libraries\STM32F10x_StdPeriph_Driver\src\stm32f10x_iwdg.c 0x00000000   Number         0  stm32f10x_iwdg.o ABSOLUTE
    Libraries\STM32F10x_StdPeriph_Driver\src\stm32f10x_pwr.c 0x00000000   Number         0  stm32f10x_pwr.o ABSOLUTE
    Libraries\STM32F10x_StdPeriph_Driver\src\stm32f10x_rcc.c 0x00000000   Number         0  stm32f10x_rcc.o ABSOLUTE
    Libraries\STM32F10x_StdPeriph_Driver\src\stm32f10x_rtc.c 0x00000000   Number         0  stm32f10x_rtc.o ABSOLUTE
    Libraries\STM32F10x_StdPeriph_Driver\src\stm32f10x_sdio.c 0x00000000   Number         0  stm32f10x_sdio.o ABSOLUTE
    Libraries\STM32F10x_StdPeriph_Driver\src\stm32f10x_spi.c 0x00000000   Number         0  stm32f10x_spi.o ABSOLUTE
    Libraries\STM32F10x_StdPeriph_Driver\src\stm32f10x_tim.c 0x00000000   Number         0  stm32f10x_tim.o ABSOLUTE
    Libraries\STM32F10x_StdPeriph_Driver\src\stm32f10x_usart.c 0x00000000   Number         0  stm32f10x_usart.o ABSOLUTE
    Libraries\STM32F10x_StdPeriph_Driver\src\stm32f10x_wwdg.c 0x00000000   Number         0  stm32f10x_wwdg.o ABSOLUTE
    Libraries\STM32F10x_StdPeriph_Driver\src\system_stm32f10x.c 0x00000000   Number         0  system_stm32f10x.o ABSOLUTE
    Libraries\\CORE\\core_cm3.c              0x00000000   Number         0  core_cm3.o ABSOLUTE
    applications\main.c                      0x00000000   Number         0  main.o ABSOLUTE
    cdcmple.s                                0x00000000   Number         0  cdcmple.o ABSOLUTE
    cdrcmple.s                               0x00000000   Number         0  cdrcmple.o ABSOLUTE
    cfcmple.s                                0x00000000   Number         0  cfcmple.o ABSOLUTE
    cfrcmple.s                               0x00000000   Number         0  cfrcmple.o ABSOLUTE
    dc.s                                     0x00000000   Number         0  dc.o ABSOLUTE
    drivers\SoftwareIIC.c                    0x00000000   Number         0  softwareiic.o ABSOLUTE
    drivers\\sys.c                           0x00000000   Number         0  sys.o ABSOLUTE
    drivers\can.c                            0x00000000   Number         0  can.o ABSOLUTE
    drivers\delay.c                          0x00000000   Number         0  delay.o ABSOLUTE
    drivers\led.c                            0x00000000   Number         0  led.o ABSOLUTE
    drivers\motor_gpio.c                     0x00000000   Number         0  motor_gpio.o ABSOLUTE
    drivers\stm32f10x_it.c                   0x00000000   Number         0  stm32f10x_it.o ABSOLUTE
    drivers\sys.c                            0x00000000   Number         0  sys.o ABSOLUTE
    drivers\timer.c                          0x00000000   Number         0  timer.o ABSOLUTE
    drivers\usart.c                          0x00000000   Number         0  usart.o ABSOLUTE
    functions\Slave_can_protocol.c           0x00000000   Number         0  slave_can_protocol.o ABSOLUTE
    functions\as5600.c                       0x00000000   Number         0  as5600.o ABSOLUTE
    functions\motor_operate.c                0x00000000   Number         0  motor_operate.o ABSOLUTE
    functions\pid.c                          0x00000000   Number         0  pid.o ABSOLUTE
    handlers.s                               0x00000000   Number         0  handlers.o ABSOLUTE
    init.s                                   0x00000000   Number         0  init.o ABSOLUTE
    RESET                                    0x08000000   Section      236  startup_stm32f10x_md.o(RESET)
    .ARM.Collect$$$$00000000                 0x080000ec   Section        0  entry.o(.ARM.Collect$$$$00000000)
    .ARM.Collect$$$$00000001                 0x080000ec   Section        4  entry2.o(.ARM.Collect$$$$00000001)
    .ARM.Collect$$$$00000004                 0x080000f0   Section        4  entry5.o(.ARM.Collect$$$$00000004)
    .ARM.Collect$$$$00000008                 0x080000f4   Section        0  entry7b.o(.ARM.Collect$$$$00000008)
    .ARM.Collect$$$$0000000A                 0x080000f4   Section        0  entry8b.o(.ARM.Collect$$$$0000000A)
    .ARM.Collect$$$$0000000B                 0x080000f4   Section        8  entry9a.o(.ARM.Collect$$$$0000000B)
    .ARM.Collect$$$$0000000D                 0x080000fc   Section        0  entry10a.o(.ARM.Collect$$$$0000000D)
    .ARM.Collect$$$$0000000F                 0x080000fc   Section        0  entry11a.o(.ARM.Collect$$$$0000000F)
    .ARM.Collect$$$$00002712                 0x080000fc   Section        4  entry2.o(.ARM.Collect$$$$00002712)
    __lit__00000000                          0x080000fc   Data           4  entry2.o(.ARM.Collect$$$$00002712)
    .text                                    0x08000100   Section       36  startup_stm32f10x_md.o(.text)
    .text                                    0x08000124   Section        0  fadd.o(.text)
    .text                                    0x080001d4   Section        0  fmul.o(.text)
    .text                                    0x08000238   Section        0  fdiv.o(.text)
    .text                                    0x080002b4   Section        0  dadd.o(.text)
    .text                                    0x08000402   Section        0  dmul.o(.text)
    .text                                    0x080004e6   Section        0  ddiv.o(.text)
    .text                                    0x080005c4   Section        0  fflti.o(.text)
    .text                                    0x080005d6   Section        0  dflti.o(.text)
    .text                                    0x080005f8   Section        0  dfltui.o(.text)
    .text                                    0x08000612   Section        0  ffixi.o(.text)
    .text                                    0x08000644   Section        0  ffixui.o(.text)
    .text                                    0x0800066c   Section        0  f2d.o(.text)
    .text                                    0x08000692   Section        0  d2f.o(.text)
    .text                                    0x080006cc   Section       20  cfcmple.o(.text)
    .text                                    0x080006e0   Section       20  cfrcmple.o(.text)
    .text                                    0x080006f4   Section        0  uidiv.o(.text)
    .text                                    0x08000720   Section        0  uldiv.o(.text)
    .text                                    0x08000782   Section        0  llshl.o(.text)
    .text                                    0x080007a0   Section        0  llsshr.o(.text)
    .text                                    0x080007c4   Section        0  iusefp.o(.text)
    .text                                    0x080007c4   Section        0  fepilogue.o(.text)
    .text                                    0x08000832   Section        0  depilogue.o(.text)
    .text                                    0x080008ec   Section        0  dfixul.o(.text)
    .text                                    0x0800091c   Section       48  cdrcmple.o(.text)
    .text                                    0x0800094c   Section       36  init.o(.text)
    .text                                    0x08000970   Section        0  llushr.o(.text)
    i.BusFault_Handler                       0x08000990   Section        0  stm32f10x_it.o(i.BusFault_Handler)
    i.CAN_FilterInit                         0x08000994   Section        0  stm32f10x_can.o(i.CAN_FilterInit)
    i.CAN_Init                               0x08000a9c   Section        0  stm32f10x_can.o(i.CAN_Init)
    i.CAN_Mode_Init                          0x08000bb0   Section        0  can.o(i.CAN_Mode_Init)
    i.DebugMon_Handler                       0x08000c70   Section        0  stm32f10x_it.o(i.DebugMon_Handler)
    i.GPIO_Init                              0x08000c72   Section        0  stm32f10x_gpio.o(i.GPIO_Init)
    i.GPIO_ResetBits                         0x08000d88   Section        0  stm32f10x_gpio.o(i.GPIO_ResetBits)
    i.GPIO_SetBits                           0x08000d8c   Section        0  stm32f10x_gpio.o(i.GPIO_SetBits)
    i.IIC_Ack                                0x08000d90   Section        0  softwareiic.o(i.IIC_Ack)
    i.IIC_Init                               0x08000ddc   Section        0  softwareiic.o(i.IIC_Init)
    i.IIC_NAck                               0x08000e14   Section        0  softwareiic.o(i.IIC_NAck)
    i.IIC_Read_Byte                          0x08000e60   Section        0  softwareiic.o(i.IIC_Read_Byte)
    i.IIC_Send_Byte                          0x08000ed0   Section        0  softwareiic.o(i.IIC_Send_Byte)
    i.IIC_Start                              0x08000f44   Section        0  softwareiic.o(i.IIC_Start)
    i.IIC_Stop                               0x08000f90   Section        0  softwareiic.o(i.IIC_Stop)
    i.IIC_Wait_Ack                           0x08000fd8   Section        0  softwareiic.o(i.IIC_Wait_Ack)
    i.LED_Init                               0x0800103c   Section        0  led.o(i.LED_Init)
    i.MemManage_Handler                      0x08001074   Section        0  stm32f10x_it.o(i.MemManage_Handler)
    i.NMI_Handler                            0x08001078   Section        0  stm32f10x_it.o(i.NMI_Handler)
    i.NVIC_Init                              0x0800107c   Section        0  misc.o(i.NVIC_Init)
    i.NVIC_PriorityGroupConfig               0x080010ec   Section        0  misc.o(i.NVIC_PriorityGroupConfig)
    i.PID_CONTROLLER                         0x08001100   Section        0  pid.o(i.PID_CONTROLLER)
    i.PID_TIM3_Init                          0x0800112c   Section        0  timer.o(i.PID_TIM3_Init)
    i.RCC_APB1PeriphClockCmd                 0x080011a8   Section        0  stm32f10x_rcc.o(i.RCC_APB1PeriphClockCmd)
    i.RCC_APB2PeriphClockCmd                 0x080011c8   Section        0  stm32f10x_rcc.o(i.RCC_APB2PeriphClockCmd)
    i.RCC_GetClocksFreq                      0x080011e8   Section        0  stm32f10x_rcc.o(i.RCC_GetClocksFreq)
    i.SVC_Handler                            0x080012bc   Section        0  stm32f10x_it.o(i.SVC_Handler)
    i.SetSysClock                            0x080012be   Section        0  system_stm32f10x.o(i.SetSysClock)
    SetSysClock                              0x080012bf   Thumb Code     8  system_stm32f10x.o(i.SetSysClock)
    i.SetSysClockTo72                        0x080012c8   Section        0  system_stm32f10x.o(i.SetSysClockTo72)
    SetSysClockTo72                          0x080012c9   Thumb Code   214  system_stm32f10x.o(i.SetSysClockTo72)
    i.SysTick_CLKSourceConfig                0x080013a8   Section        0  misc.o(i.SysTick_CLKSourceConfig)
    i.SystemInit                             0x080013d0   Section        0  system_stm32f10x.o(i.SystemInit)
    i.TIM1_Init                              0x08001430   Section        0  timer.o(i.TIM1_Init)
    i.TIM1_UP_IRQHandler                     0x080014b8   Section        0  timer.o(i.TIM1_UP_IRQHandler)
    i.TIM2_IRQHandler                        0x080014d4   Section        0  timer.o(i.TIM2_IRQHandler)
    i.TIM2_Init                              0x0800161c   Section        0  timer.o(i.TIM2_Init)
    i.TIM3_IRQHandler                        0x080016ac   Section        0  timer.o(i.TIM3_IRQHandler)
    i.TIM4_PWM_Init                          0x08001738   Section        0  timer.o(i.TIM4_PWM_Init)
    i.TIM_ClearFlag                          0x080017a8   Section        0  stm32f10x_tim.o(i.TIM_ClearFlag)
    i.TIM_ClearITPendingBit                  0x080017ae   Section        0  stm32f10x_tim.o(i.TIM_ClearITPendingBit)
    i.TIM_Cmd                                0x080017b4   Section        0  stm32f10x_tim.o(i.TIM_Cmd)
    i.TIM_GetITStatus                        0x080017cc   Section        0  stm32f10x_tim.o(i.TIM_GetITStatus)
    i.TIM_ITConfig                           0x080017ee   Section        0  stm32f10x_tim.o(i.TIM_ITConfig)
    i.TIM_OC1Init                            0x08001800   Section        0  stm32f10x_tim.o(i.TIM_OC1Init)
    i.TIM_OC1PreloadConfig                   0x08001898   Section        0  stm32f10x_tim.o(i.TIM_OC1PreloadConfig)
    i.TIM_OC2Init                            0x080018ac   Section        0  stm32f10x_tim.o(i.TIM_OC2Init)
    i.TIM_OC2PreloadConfig                   0x08001950   Section        0  stm32f10x_tim.o(i.TIM_OC2PreloadConfig)
    i.TIM_SetCompare1                        0x0800196a   Section        0  stm32f10x_tim.o(i.TIM_SetCompare1)
    i.TIM_SetCompare2                        0x0800196e   Section        0  stm32f10x_tim.o(i.TIM_SetCompare2)
    i.TIM_TimeBaseInit                       0x08001974   Section        0  stm32f10x_tim.o(i.TIM_TimeBaseInit)
    i.USART1_IRQHandler                      0x08001a18   Section        0  usart.o(i.USART1_IRQHandler)
    i.USART2_IRQHandler                      0x08001ab4   Section        0  usart.o(i.USART2_IRQHandler)
    i.USART_Cmd                              0x08001b50   Section        0  stm32f10x_usart.o(i.USART_Cmd)
    i.USART_GetITStatus                      0x08001b68   Section        0  stm32f10x_usart.o(i.USART_GetITStatus)
    i.USART_ITConfig                         0x08001bbc   Section        0  stm32f10x_usart.o(i.USART_ITConfig)
    i.USART_Init                             0x08001c08   Section        0  stm32f10x_usart.o(i.USART_Init)
    i.USART_ReceiveData                      0x08001ce0   Section        0  stm32f10x_usart.o(i.USART_ReceiveData)
    i.UsageFault_Handler                     0x08001cea   Section        0  stm32f10x_it.o(i.UsageFault_Handler)
    i.__0printf                              0x08001cf0   Section        0  printfa.o(i.__0printf)
    i.__scatterload_copy                     0x08001d10   Section       14  handlers.o(i.__scatterload_copy)
    i.__scatterload_null                     0x08001d1e   Section        2  handlers.o(i.__scatterload_null)
    i.__scatterload_zeroinit                 0x08001d20   Section       14  handlers.o(i.__scatterload_zeroinit)
    i._fp_digits                             0x08001d30   Section        0  printfa.o(i._fp_digits)
    _fp_digits                               0x08001d31   Thumb Code   366  printfa.o(i._fp_digits)
    i._printf_core                           0x08001eb4   Section        0  printfa.o(i._printf_core)
    _printf_core                             0x08001eb5   Thumb Code  1744  printfa.o(i._printf_core)
    i._printf_post_padding                   0x08002590   Section        0  printfa.o(i._printf_post_padding)
    _printf_post_padding                     0x08002591   Thumb Code    36  printfa.o(i._printf_post_padding)
    i._printf_pre_padding                    0x080025b4   Section        0  printfa.o(i._printf_pre_padding)
    _printf_pre_padding                      0x080025b5   Thumb Code    46  printfa.o(i._printf_pre_padding)
    i.as5600_init                            0x080025e4   Section        0  as5600.o(i.as5600_init)
    i.clear                                  0x08002678   Section        0  pid.o(i.clear)
    i.convertRawAngleToDegrees               0x080026ac   Section        0  as5600.o(i.convertRawAngleToDegrees)
    i.delay_init                             0x080026d4   Section        0  delay.o(i.delay_init)
    i.delay_ms                               0x08002718   Section        0  delay.o(i.delay_ms)
    i.delay_us                               0x08002764   Section        0  delay.o(i.delay_us)
    i.detectMagnet                           0x080027b0   Section        0  as5600.o(i.detectMagnet)
    i.fputc                                  0x080027c8   Section        0  usart.o(i.fputc)
    i.getMagnitude                           0x080027e4   Section        0  as5600.o(i.getMagnitude)
    i.getRawAngle                            0x080027f2   Section        0  as5600.o(i.getRawAngle)
    i.getRawDegrees                          0x080027fe   Section        0  as5600.o(i.getRawDegrees)
    i.main                                   0x0800280c   Section        0  main.o(i.main)
    i.motor_init                             0x08002870   Section        0  motor_operate.o(i.motor_init)
    i.motor_io_init                          0x08002894   Section        0  motor_gpio.o(i.motor_io_init)
    i.motor_run                              0x080028fc   Section        0  motor_operate.o(i.motor_run)
    i.readOneByte                            0x0800294c   Section        0  as5600.o(i.readOneByte)
    i.readTwoBytes                           0x08002984   Section        0  as5600.o(i.readTwoBytes)
    i.setEndPosition                         0x08002a10   Section        0  as5600.o(i.setEndPosition)
    i.setGoal                                0x08002a58   Section        0  pid.o(i.setGoal)
    i.setPID                                 0x08002a64   Section        0  pid.o(i.setPID)
    i.setSampleTime                          0x08002a80   Section        0  pid.o(i.setSampleTime)
    i.setStartPosition                       0x08002a8c   Section        0  as5600.o(i.setStartPosition)
    i.uart2_init                             0x08002ad4   Section        0  usart.o(i.uart2_init)
    i.update                                 0x08002b78   Section        0  pid.o(i.update)
    i.writeOneByte                           0x08002c44   Section        0  as5600.o(i.writeOneByte)
    .data                                    0x20000000   Section        8  motor_operate.o(.data)
    .data                                    0x20000008   Section       48  pid.o(.data)
    .data                                    0x20000038   Section       10  as5600.o(.data)
    .data                                    0x20000044   Section       32  slave_can_protocol.o(.data)
    .data                                    0x20000064   Section        4  delay.o(.data)
    fac_us                                   0x20000064   Data           1  delay.o(.data)
    fac_ms                                   0x20000066   Data           2  delay.o(.data)
    .data                                    0x20000068   Section       24  usart.o(.data)
    .data                                    0x20000080   Section       40  timer.o(.data)
    .data                                    0x200000a8   Section       20  stm32f10x_rcc.o(.data)
    APBAHBPrescTable                         0x200000a8   Data          16  stm32f10x_rcc.o(.data)
    ADCPrescTable                            0x200000b8   Data           4  stm32f10x_rcc.o(.data)
    .data                                    0x200000bc   Section       20  system_stm32f10x.o(.data)
    .bss                                     0x200000d0   Section       16  motor_gpio.o(.bss)
    STACK                                    0x200000e0   Section     1024  startup_stm32f10x_md.o(STACK)

    Global Symbols

    Symbol Name                              Value     Ov Type        Size  Object(Section)

    BuildAttributes$$THM_ISAv4$P$D$K$B$S$PE$A:L22UL41UL21$X:L11$S22US41US21$IEEE1$IW$USESV6$~STKCKD$USESV7$~SHL$OTIME$ROPI$EBA8$MICROLIB$REQ8$PRES8$EABIv2 0x00000000   Number         0  anon$$obj.o ABSOLUTE
    __ARM_use_no_argv                        0x00000000   Number         0  main.o ABSOLUTE
    __use_no_errno                           0x00000000   Number         0  useno.o ABSOLUTE
    __use_no_exception_handling              0x00000000   Number         0  useno.o ABSOLUTE
    __use_no_fp                              0x00000000   Number         0  useno.o ABSOLUTE
    __use_no_heap                            0x00000000   Number         0  useno.o ABSOLUTE
    __use_no_heap_region                     0x00000000   Number         0  useno.o ABSOLUTE
    __use_no_semihosting                     0x00000000   Number         0  useno.o ABSOLUTE
    __use_no_semihosting_swi                 0x00000000   Number         0  useno.o ABSOLUTE
    __use_no_signal_handling                 0x00000000   Number         0  useno.o ABSOLUTE
    _printf_a                                0x00000000   Number         0  stubs.o ABSOLUTE
    _printf_c                                0x00000000   Number         0  stubs.o ABSOLUTE
    _printf_charcount                        0x00000000   Number         0  stubs.o ABSOLUTE
    _printf_d                                0x00000000   Number         0  stubs.o ABSOLUTE
    _printf_e                                0x00000000   Number         0  stubs.o ABSOLUTE
    _printf_f                                0x00000000   Number         0  stubs.o ABSOLUTE
    _printf_flags                            0x00000000   Number         0  stubs.o ABSOLUTE
    _printf_fp_dec                           0x00000000   Number         0  stubs.o ABSOLUTE
    _printf_fp_hex                           0x00000000   Number         0  stubs.o ABSOLUTE
    _printf_g                                0x00000000   Number         0  stubs.o ABSOLUTE
    _printf_i                                0x00000000   Number         0  stubs.o ABSOLUTE
    _printf_int_dec                          0x00000000   Number         0  stubs.o ABSOLUTE
    _printf_l                                0x00000000   Number         0  stubs.o ABSOLUTE
    _printf_lc                               0x00000000   Number         0  stubs.o ABSOLUTE
    _printf_ll                               0x00000000   Number         0  stubs.o ABSOLUTE
    _printf_lld                              0x00000000   Number         0  stubs.o ABSOLUTE
    _printf_lli                              0x00000000   Number         0  stubs.o ABSOLUTE
    _printf_llo                              0x00000000   Number         0  stubs.o ABSOLUTE
    _printf_llu                              0x00000000   Number         0  stubs.o ABSOLUTE
    _printf_llx                              0x00000000   Number         0  stubs.o ABSOLUTE
    _printf_longlong_dec                     0x00000000   Number         0  stubs.o ABSOLUTE
    _printf_longlong_hex                     0x00000000   Number         0  stubs.o ABSOLUTE
    _printf_longlong_oct                     0x00000000   Number         0  stubs.o ABSOLUTE
    _printf_ls                               0x00000000   Number         0  stubs.o ABSOLUTE
    _printf_mbtowc                           0x00000000   Number         0  stubs.o ABSOLUTE
    _printf_n                                0x00000000   Number         0  stubs.o ABSOLUTE
    _printf_o                                0x00000000   Number         0  stubs.o ABSOLUTE
    _printf_p                                0x00000000   Number         0  stubs.o ABSOLUTE
    _printf_percent                          0x00000000   Number         0  stubs.o ABSOLUTE
    _printf_pre_padding                      0x00000000   Number         0  stubs.o ABSOLUTE
    _printf_return_value                     0x00000000   Number         0  stubs.o ABSOLUTE
    _printf_s                                0x00000000   Number         0  stubs.o ABSOLUTE
    _printf_sizespec                         0x00000000   Number         0  stubs.o ABSOLUTE
    _printf_str                              0x00000000   Number         0  stubs.o ABSOLUTE
    _printf_truncate_signed                  0x00000000   Number         0  stubs.o ABSOLUTE
    _printf_truncate_unsigned                0x00000000   Number         0  stubs.o ABSOLUTE
    _printf_u                                0x00000000   Number         0  stubs.o ABSOLUTE
    _printf_wc                               0x00000000   Number         0  stubs.o ABSOLUTE
    _printf_wctomb                           0x00000000   Number         0  stubs.o ABSOLUTE
    _printf_widthprec                        0x00000000   Number         0  stubs.o ABSOLUTE
    _printf_x                                0x00000000   Number         0  stubs.o ABSOLUTE
    __cpp_initialize__aeabi_                  - Undefined Weak Reference
    __cxa_finalize                            - Undefined Weak Reference
    __decompress                              - Undefined Weak Reference
    _clock_init                               - Undefined Weak Reference
    _microlib_exit                            - Undefined Weak Reference
    __Vectors_Size                           0x000000ec   Number         0  startup_stm32f10x_md.o ABSOLUTE
    __Vectors                                0x08000000   Data           4  startup_stm32f10x_md.o(RESET)
    __Vectors_End                            0x080000ec   Data           0  startup_stm32f10x_md.o(RESET)
    __main                                   0x080000ed   Thumb Code     0  entry.o(.ARM.Collect$$$$00000000)
    _main_stk                                0x080000ed   Thumb Code     0  entry2.o(.ARM.Collect$$$$00000001)
    _main_scatterload                        0x080000f1   Thumb Code     0  entry5.o(.ARM.Collect$$$$00000004)
    __main_after_scatterload                 0x080000f5   Thumb Code     0  entry5.o(.ARM.Collect$$$$00000004)
    _main_clock                              0x080000f5   Thumb Code     0  entry7b.o(.ARM.Collect$$$$00000008)
    _main_cpp_init                           0x080000f5   Thumb Code     0  entry8b.o(.ARM.Collect$$$$0000000A)
    _main_init                               0x080000f5   Thumb Code     0  entry9a.o(.ARM.Collect$$$$0000000B)
    __rt_final_cpp                           0x080000fd   Thumb Code     0  entry10a.o(.ARM.Collect$$$$0000000D)
    __rt_final_exit                          0x080000fd   Thumb Code     0  entry11a.o(.ARM.Collect$$$$0000000F)
    Reset_Handler                            0x08000101   Thumb Code     8  startup_stm32f10x_md.o(.text)
    HardFault_Handler                        0x0800010b   Thumb Code     2  startup_stm32f10x_md.o(.text)
    PendSV_Handler                           0x08000117   Thumb Code     2  startup_stm32f10x_md.o(.text)
    SysTick_Handler                          0x08000119   Thumb Code     2  startup_stm32f10x_md.o(.text)
    ADC1_2_IRQHandler                        0x0800011b   Thumb Code     0  startup_stm32f10x_md.o(.text)
    CAN1_RX1_IRQHandler                      0x0800011b   Thumb Code     0  startup_stm32f10x_md.o(.text)
    CAN1_SCE_IRQHandler                      0x0800011b   Thumb Code     0  startup_stm32f10x_md.o(.text)
    DMA1_Channel1_IRQHandler                 0x0800011b   Thumb Code     0  startup_stm32f10x_md.o(.text)
    DMA1_Channel2_IRQHandler                 0x0800011b   Thumb Code     0  startup_stm32f10x_md.o(.text)
    DMA1_Channel3_IRQHandler                 0x0800011b   Thumb Code     0  startup_stm32f10x_md.o(.text)
    DMA1_Channel4_IRQHandler                 0x0800011b   Thumb Code     0  startup_stm32f10x_md.o(.text)
    DMA1_Channel5_IRQHandler                 0x0800011b   Thumb Code     0  startup_stm32f10x_md.o(.text)
    DMA1_Channel6_IRQHandler                 0x0800011b   Thumb Code     0  startup_stm32f10x_md.o(.text)
    DMA1_Channel7_IRQHandler                 0x0800011b   Thumb Code     0  startup_stm32f10x_md.o(.text)
    EXTI0_IRQHandler                         0x0800011b   Thumb Code     0  startup_stm32f10x_md.o(.text)
    EXTI15_10_IRQHandler                     0x0800011b   Thumb Code     0  startup_stm32f10x_md.o(.text)
    EXTI1_IRQHandler                         0x0800011b   Thumb Code     0  startup_stm32f10x_md.o(.text)
    EXTI2_IRQHandler                         0x0800011b   Thumb Code     0  startup_stm32f10x_md.o(.text)
    EXTI3_IRQHandler                         0x0800011b   Thumb Code     0  startup_stm32f10x_md.o(.text)
    EXTI4_IRQHandler                         0x0800011b   Thumb Code     0  startup_stm32f10x_md.o(.text)
    EXTI9_5_IRQHandler                       0x0800011b   Thumb Code     0  startup_stm32f10x_md.o(.text)
    FLASH_IRQHandler                         0x0800011b   Thumb Code     0  startup_stm32f10x_md.o(.text)
    I2C1_ER_IRQHandler                       0x0800011b   Thumb Code     0  startup_stm32f10x_md.o(.text)
    I2C1_EV_IRQHandler                       0x0800011b   Thumb Code     0  startup_stm32f10x_md.o(.text)
    I2C2_ER_IRQHandler                       0x0800011b   Thumb Code     0  startup_stm32f10x_md.o(.text)
    I2C2_EV_IRQHandler                       0x0800011b   Thumb Code     0  startup_stm32f10x_md.o(.text)
    PVD_IRQHandler                           0x0800011b   Thumb Code     0  startup_stm32f10x_md.o(.text)
    RCC_IRQHandler                           0x0800011b   Thumb Code     0  startup_stm32f10x_md.o(.text)
    RTCAlarm_IRQHandler                      0x0800011b   Thumb Code     0  startup_stm32f10x_md.o(.text)
    RTC_IRQHandler                           0x0800011b   Thumb Code     0  startup_stm32f10x_md.o(.text)
    SPI1_IRQHandler                          0x0800011b   Thumb Code     0  startup_stm32f10x_md.o(.text)
    SPI2_IRQHandler                          0x0800011b   Thumb Code     0  startup_stm32f10x_md.o(.text)
    TAMPER_IRQHandler                        0x0800011b   Thumb Code     0  startup_stm32f10x_md.o(.text)
    TIM1_BRK_IRQHandler                      0x0800011b   Thumb Code     0  startup_stm32f10x_md.o(.text)
    TIM1_CC_IRQHandler                       0x0800011b   Thumb Code     0  startup_stm32f10x_md.o(.text)
    TIM1_TRG_COM_IRQHandler                  0x0800011b   Thumb Code     0  startup_stm32f10x_md.o(.text)
    TIM4_IRQHandler                          0x0800011b   Thumb Code     0  startup_stm32f10x_md.o(.text)
    USART3_IRQHandler                        0x0800011b   Thumb Code     0  startup_stm32f10x_md.o(.text)
    USBWakeUp_IRQHandler                     0x0800011b   Thumb Code     0  startup_stm32f10x_md.o(.text)
    USB_HP_CAN1_TX_IRQHandler                0x0800011b   Thumb Code     0  startup_stm32f10x_md.o(.text)
    USB_LP_CAN1_RX0_IRQHandler               0x0800011b   Thumb Code     0  startup_stm32f10x_md.o(.text)
    WWDG_IRQHandler                          0x0800011b   Thumb Code     0  startup_stm32f10x_md.o(.text)
    __aeabi_fadd                             0x08000125   Thumb Code   164  fadd.o(.text)
    __aeabi_fsub                             0x080001c9   Thumb Code     6  fadd.o(.text)
    __aeabi_frsub                            0x080001cf   Thumb Code     6  fadd.o(.text)
    __aeabi_fmul                             0x080001d5   Thumb Code   100  fmul.o(.text)
    __aeabi_fdiv                             0x08000239   Thumb Code   124  fdiv.o(.text)
    __aeabi_dadd                             0x080002b5   Thumb Code   322  dadd.o(.text)
    __aeabi_dsub                             0x080003f7   Thumb Code     6  dadd.o(.text)
    __aeabi_drsub                            0x080003fd   Thumb Code     6  dadd.o(.text)
    __aeabi_dmul                             0x08000403   Thumb Code   228  dmul.o(.text)
    __aeabi_ddiv                             0x080004e7   Thumb Code   222  ddiv.o(.text)
    __aeabi_i2f                              0x080005c5   Thumb Code    18  fflti.o(.text)
    __aeabi_i2d                              0x080005d7   Thumb Code    34  dflti.o(.text)
    __aeabi_ui2d                             0x080005f9   Thumb Code    26  dfltui.o(.text)
    __aeabi_f2iz                             0x08000613   Thumb Code    50  ffixi.o(.text)
    __aeabi_f2uiz                            0x08000645   Thumb Code    40  ffixui.o(.text)
    __aeabi_f2d                              0x0800066d   Thumb Code    38  f2d.o(.text)
    __aeabi_d2f                              0x08000693   Thumb Code    56  d2f.o(.text)
    __aeabi_cfcmpeq                          0x080006cd   Thumb Code     0  cfcmple.o(.text)
    __aeabi_cfcmple                          0x080006cd   Thumb Code    20  cfcmple.o(.text)
    __aeabi_cfrcmple                         0x080006e1   Thumb Code    20  cfrcmple.o(.text)
    __aeabi_uidiv                            0x080006f5   Thumb Code     0  uidiv.o(.text)
    __aeabi_uidivmod                         0x080006f5   Thumb Code    44  uidiv.o(.text)
    __aeabi_uldivmod                         0x08000721   Thumb Code    98  uldiv.o(.text)
    __aeabi_llsl                             0x08000783   Thumb Code    30  llshl.o(.text)
    _ll_shift_l                              0x08000783   Thumb Code     0  llshl.o(.text)
    __aeabi_lasr                             0x080007a1   Thumb Code    36  llsshr.o(.text)
    _ll_sshift_r                             0x080007a1   Thumb Code     0  llsshr.o(.text)
    __I$use$fp                               0x080007c5   Thumb Code     0  iusefp.o(.text)
    _float_round                             0x080007c5   Thumb Code    18  fepilogue.o(.text)
    _float_epilogue                          0x080007d7   Thumb Code    92  fepilogue.o(.text)
    _double_round                            0x08000833   Thumb Code    30  depilogue.o(.text)
    _double_epilogue                         0x08000851   Thumb Code   156  depilogue.o(.text)
    __aeabi_d2ulz                            0x080008ed   Thumb Code    48  dfixul.o(.text)
    __aeabi_cdrcmple                         0x0800091d   Thumb Code    48  cdrcmple.o(.text)
    __scatterload                            0x0800094d   Thumb Code    28  init.o(.text)
    __scatterload_rt2                        0x0800094d   Thumb Code     0  init.o(.text)
    __aeabi_llsr                             0x08000971   Thumb Code    32  llushr.o(.text)
    _ll_ushift_r                             0x08000971   Thumb Code     0  llushr.o(.text)
    BusFault_Handler                         0x08000991   Thumb Code     4  stm32f10x_it.o(i.BusFault_Handler)
    CAN_FilterInit                           0x08000995   Thumb Code   258  stm32f10x_can.o(i.CAN_FilterInit)
    CAN_Init                                 0x08000a9d   Thumb Code   276  stm32f10x_can.o(i.CAN_Init)
    CAN_Mode_Init                            0x08000bb1   Thumb Code   182  can.o(i.CAN_Mode_Init)
    DebugMon_Handler                         0x08000c71   Thumb Code     2  stm32f10x_it.o(i.DebugMon_Handler)
    GPIO_Init                                0x08000c73   Thumb Code   278  stm32f10x_gpio.o(i.GPIO_Init)
    GPIO_ResetBits                           0x08000d89   Thumb Code     4  stm32f10x_gpio.o(i.GPIO_ResetBits)
    GPIO_SetBits                             0x08000d8d   Thumb Code     4  stm32f10x_gpio.o(i.GPIO_SetBits)
    IIC_Ack                                  0x08000d91   Thumb Code    64  softwareiic.o(i.IIC_Ack)
    IIC_Init                                 0x08000ddd   Thumb Code    50  softwareiic.o(i.IIC_Init)
    IIC_NAck                                 0x08000e15   Thumb Code    62  softwareiic.o(i.IIC_NAck)
    IIC_Read_Byte                            0x08000e61   Thumb Code    98  softwareiic.o(i.IIC_Read_Byte)
    IIC_Send_Byte                            0x08000ed1   Thumb Code   102  softwareiic.o(i.IIC_Send_Byte)
    IIC_Start                                0x08000f45   Thumb Code    62  softwareiic.o(i.IIC_Start)
    IIC_Stop                                 0x08000f91   Thumb Code    58  softwareiic.o(i.IIC_Stop)
    IIC_Wait_Ack                             0x08000fd9   Thumb Code    86  softwareiic.o(i.IIC_Wait_Ack)
    LED_Init                                 0x0800103d   Thumb Code    50  led.o(i.LED_Init)
    MemManage_Handler                        0x08001075   Thumb Code     4  stm32f10x_it.o(i.MemManage_Handler)
    NMI_Handler                              0x08001079   Thumb Code     2  stm32f10x_it.o(i.NMI_Handler)
    NVIC_Init                                0x0800107d   Thumb Code   100  misc.o(i.NVIC_Init)
    NVIC_PriorityGroupConfig                 0x080010ed   Thumb Code    10  misc.o(i.NVIC_PriorityGroupConfig)
    PID_CONTROLLER                           0x08001101   Thumb Code    42  pid.o(i.PID_CONTROLLER)
    PID_TIM3_Init                            0x0800112d   Thumb Code   114  timer.o(i.PID_TIM3_Init)
    RCC_APB1PeriphClockCmd                   0x080011a9   Thumb Code    26  stm32f10x_rcc.o(i.RCC_APB1PeriphClockCmd)
    RCC_APB2PeriphClockCmd                   0x080011c9   Thumb Code    26  stm32f10x_rcc.o(i.RCC_APB2PeriphClockCmd)
    RCC_GetClocksFreq                        0x080011e9   Thumb Code   192  stm32f10x_rcc.o(i.RCC_GetClocksFreq)
    SVC_Handler                              0x080012bd   Thumb Code     2  stm32f10x_it.o(i.SVC_Handler)
    SysTick_CLKSourceConfig                  0x080013a9   Thumb Code    40  misc.o(i.SysTick_CLKSourceConfig)
    SystemInit                               0x080013d1   Thumb Code    78  system_stm32f10x.o(i.SystemInit)
    TIM1_Init                                0x08001431   Thumb Code   126  timer.o(i.TIM1_Init)
    TIM1_UP_IRQHandler                       0x080014b9   Thumb Code    22  timer.o(i.TIM1_UP_IRQHandler)
    TIM2_IRQHandler                          0x080014d5   Thumb Code   268  timer.o(i.TIM2_IRQHandler)
    TIM2_Init                                0x0800161d   Thumb Code   134  timer.o(i.TIM2_Init)
    TIM3_IRQHandler                          0x080016ad   Thumb Code   120  timer.o(i.TIM3_IRQHandler)
    TIM4_PWM_Init                            0x08001739   Thumb Code   108  timer.o(i.TIM4_PWM_Init)
    TIM_ClearFlag                            0x080017a9   Thumb Code     6  stm32f10x_tim.o(i.TIM_ClearFlag)
    TIM_ClearITPendingBit                    0x080017af   Thumb Code     6  stm32f10x_tim.o(i.TIM_ClearITPendingBit)
    TIM_Cmd                                  0x080017b5   Thumb Code    24  stm32f10x_tim.o(i.TIM_Cmd)
    TIM_GetITStatus                          0x080017cd   Thumb Code    34  stm32f10x_tim.o(i.TIM_GetITStatus)
    TIM_ITConfig                             0x080017ef   Thumb Code    18  stm32f10x_tim.o(i.TIM_ITConfig)
    TIM_OC1Init                              0x08001801   Thumb Code   132  stm32f10x_tim.o(i.TIM_OC1Init)
    TIM_OC1PreloadConfig                     0x08001899   Thumb Code    18  stm32f10x_tim.o(i.TIM_OC1PreloadConfig)
    TIM_OC2Init                              0x080018ad   Thumb Code   154  stm32f10x_tim.o(i.TIM_OC2Init)
    TIM_OC2PreloadConfig                     0x08001951   Thumb Code    26  stm32f10x_tim.o(i.TIM_OC2PreloadConfig)
    TIM_SetCompare1                          0x0800196b   Thumb Code     4  stm32f10x_tim.o(i.TIM_SetCompare1)
    TIM_SetCompare2                          0x0800196f   Thumb Code     4  stm32f10x_tim.o(i.TIM_SetCompare2)
    TIM_TimeBaseInit                         0x08001975   Thumb Code   122  stm32f10x_tim.o(i.TIM_TimeBaseInit)
    USART1_IRQHandler                        0x08001a19   Thumb Code   144  usart.o(i.USART1_IRQHandler)
    USART2_IRQHandler                        0x08001ab5   Thumb Code   144  usart.o(i.USART2_IRQHandler)
    USART_Cmd                                0x08001b51   Thumb Code    24  stm32f10x_usart.o(i.USART_Cmd)
    USART_GetITStatus                        0x08001b69   Thumb Code    84  stm32f10x_usart.o(i.USART_GetITStatus)
    USART_ITConfig                           0x08001bbd   Thumb Code    74  stm32f10x_usart.o(i.USART_ITConfig)
    USART_Init                               0x08001c09   Thumb Code   210  stm32f10x_usart.o(i.USART_Init)
    USART_ReceiveData                        0x08001ce1   Thumb Code    10  stm32f10x_usart.o(i.USART_ReceiveData)
    UsageFault_Handler                       0x08001ceb   Thumb Code     4  stm32f10x_it.o(i.UsageFault_Handler)
    __0printf                                0x08001cf1   Thumb Code    22  printfa.o(i.__0printf)
    __1printf                                0x08001cf1   Thumb Code     0  printfa.o(i.__0printf)
    __2printf                                0x08001cf1   Thumb Code     0  printfa.o(i.__0printf)
    __c89printf                              0x08001cf1   Thumb Code     0  printfa.o(i.__0printf)
    printf                                   0x08001cf1   Thumb Code     0  printfa.o(i.__0printf)
    __scatterload_copy                       0x08001d11   Thumb Code    14  handlers.o(i.__scatterload_copy)
    __scatterload_null                       0x08001d1f   Thumb Code     2  handlers.o(i.__scatterload_null)
    __scatterload_zeroinit                   0x08001d21   Thumb Code    14  handlers.o(i.__scatterload_zeroinit)
    as5600_init                              0x080025e5   Thumb Code    96  as5600.o(i.as5600_init)
    clear                                    0x08002679   Thumb Code    28  pid.o(i.clear)
    convertRawAngleToDegrees                 0x080026ad   Thumb Code    36  as5600.o(i.convertRawAngleToDegrees)
    delay_init                               0x080026d5   Thumb Code    50  delay.o(i.delay_init)
    delay_ms                                 0x08002719   Thumb Code    72  delay.o(i.delay_ms)
    delay_us                                 0x08002765   Thumb Code    72  delay.o(i.delay_us)
    detectMagnet                             0x080027b1   Thumb Code    24  as5600.o(i.detectMagnet)
    fputc                                    0x080027c9   Thumb Code    24  usart.o(i.fputc)
    getMagnitude                             0x080027e5   Thumb Code    14  as5600.o(i.getMagnitude)
    getRawAngle                              0x080027f3   Thumb Code    12  as5600.o(i.getRawAngle)
    getRawDegrees                            0x080027ff   Thumb Code    14  as5600.o(i.getRawDegrees)
    main                                     0x0800280d   Thumb Code    78  main.o(i.main)
    motor_init                               0x08002871   Thumb Code    32  motor_operate.o(i.motor_init)
    motor_io_init                            0x08002895   Thumb Code    94  motor_gpio.o(i.motor_io_init)
    motor_run                                0x080028fd   Thumb Code    68  motor_operate.o(i.motor_run)
    readOneByte                              0x0800294d   Thumb Code    56  as5600.o(i.readOneByte)
    readTwoBytes                             0x08002985   Thumb Code   130  as5600.o(i.readTwoBytes)
    setEndPosition                           0x08002a11   Thumb Code    62  as5600.o(i.setEndPosition)
    setGoal                                  0x08002a59   Thumb Code     6  pid.o(i.setGoal)
    setPID                                   0x08002a65   Thumb Code    14  pid.o(i.setPID)
    setSampleTime                            0x08002a81   Thumb Code     6  pid.o(i.setSampleTime)
    setStartPosition                         0x08002a8d   Thumb Code    62  as5600.o(i.setStartPosition)
    uart2_init                               0x08002ad5   Thumb Code   154  usart.o(i.uart2_init)
    update                                   0x08002b79   Thumb Code   164  pid.o(i.update)
    writeOneByte                             0x08002c45   Thumb Code    46  as5600.o(i.writeOneByte)
    Region$$Table$$Base                      0x08002c74   Number         0  anon$$obj.o(Region$$Table)
    Region$$Table$$Limit                     0x08002c94   Number         0  anon$$obj.o(Region$$Table)
    motor_state                              0x20000000   Data           4  motor_operate.o(.data)
    wheel_speed_goal                         0x20000004   Data           4  motor_operate.o(.data)
    kp                                       0x20000008   Data           4  pid.o(.data)
    ki                                       0x2000000c   Data           4  pid.o(.data)
    kd                                       0x20000010   Data           4  pid.o(.data)
    Goal                                     0x20000014   Data           4  pid.o(.data)
    Output                                   0x20000018   Data           4  pid.o(.data)
    PTerm                                    0x2000001c   Data           4  pid.o(.data)
    ITerm                                    0x20000020   Data           4  pid.o(.data)
    DTerm                                    0x20000024   Data           4  pid.o(.data)
    LastError                                0x20000028   Data           4  pid.o(.data)
    LLastError                               0x2000002c   Data           4  pid.o(.data)
    SampleTime                               0x20000030   Data           4  pid.o(.data)
    PWM                                      0x20000034   Data           4  pid.o(.data)
    _rawStartAngle                           0x20000038   Data           2  as5600.o(.data)
    _zPosition                               0x2000003a   Data           2  as5600.o(.data)
    _rawEndAngle                             0x2000003c   Data           2  as5600.o(.data)
    _mPosition                               0x2000003e   Data           2  as5600.o(.data)
    _maxAngle                                0x20000040   Data           2  as5600.o(.data)
    can_send_buf                             0x20000044   Data           8  slave_can_protocol.o(.data)
    can_rec_buf                              0x2000004c   Data           8  slave_can_protocol.o(.data)
    SendBuf                                  0x20000054   Data           8  slave_can_protocol.o(.data)
    RecBuf                                   0x2000005c   Data           8  slave_can_protocol.o(.data)
    __stdout                                 0x20000068   Data           4  usart.o(.data)
    USART1_RX_BUF                            0x2000006c   Data           8  usart.o(.data)
    USART2_RX_BUF                            0x20000074   Data           8  usart.o(.data)
    USART1_RX_STA                            0x2000007c   Data           2  usart.o(.data)
    USART2_RX_STA                            0x2000007e   Data           2  usart.o(.data)
    currentAngle                             0x20000080   Data           4  timer.o(.data)
    preAngle                                 0x20000084   Data           4  timer.o(.data)
    speed_feedback                           0x20000088   Data           4  timer.o(.data)
    unit_time                                0x20000090   Data           8  timer.o(.data)
    AngleDelta                               0x20000098   Data           4  timer.o(.data)
    PWM_output                               0x2000009c   Data           4  timer.o(.data)
    sample_time                              0x200000a0   Data           4  timer.o(.data)
    current_time                             0x200000a4   Data           4  timer.o(.data)
    SystemCoreClock                          0x200000bc   Data           4  system_stm32f10x.o(.data)
    AHBPrescTable                            0x200000c0   Data          16  system_stm32f10x.o(.data)
    Motor                                    0x200000d0   Data          16  motor_gpio.o(.bss)
    __initial_sp                             0x200004e0   Data           0  startup_stm32f10x_md.o(STACK)



==============================================================================

Memory Map of the image

  Image Entry point : 0x080000ed

  Load Region LR_IROM1 (Base: 0x08000000, Size: 0x00002d64, Max: 0x00010000, ABSOLUTE)

    Execution Region ER_IROM1 (Exec base: 0x08000000, Load base: 0x08000000, Size: 0x00002c94, Max: 0x00010000, ABSOLUTE)

    Exec Addr    Load Addr    Size         Type   Attr      Idx    E Section Name        Object

    0x08000000   0x08000000   0x000000ec   Data   RO         3896    RESET               startup_stm32f10x_md.o
    0x080000ec   0x080000ec   0x00000000   Code   RO         3901  * .ARM.Collect$$$$00000000  mc_w.l(entry.o)
    0x080000ec   0x080000ec   0x00000004   Code   RO         4199    .ARM.Collect$$$$00000001  mc_w.l(entry2.o)
    0x080000f0   0x080000f0   0x00000004   Code   RO         4202    .ARM.Collect$$$$00000004  mc_w.l(entry5.o)
    0x080000f4   0x080000f4   0x00000000   Code   RO         4204    .ARM.Collect$$$$00000008  mc_w.l(entry7b.o)
    0x080000f4   0x080000f4   0x00000000   Code   RO         4206    .ARM.Collect$$$$0000000A  mc_w.l(entry8b.o)
    0x080000f4   0x080000f4   0x00000008   Code   RO         4207    .ARM.Collect$$$$0000000B  mc_w.l(entry9a.o)
    0x080000fc   0x080000fc   0x00000000   Code   RO         4209    .ARM.Collect$$$$0000000D  mc_w.l(entry10a.o)
    0x080000fc   0x080000fc   0x00000000   Code   RO         4211    .ARM.Collect$$$$0000000F  mc_w.l(entry11a.o)
    0x080000fc   0x080000fc   0x00000004   Code   RO         4200    .ARM.Collect$$$$00002712  mc_w.l(entry2.o)
    0x08000100   0x08000100   0x00000024   Code   RO         3897    .text               startup_stm32f10x_md.o
    0x08000124   0x08000124   0x000000b0   Code   RO         4165    .text               mf_w.l(fadd.o)
    0x080001d4   0x080001d4   0x00000064   Code   RO         4167    .text               mf_w.l(fmul.o)
    0x08000238   0x08000238   0x0000007c   Code   RO         4169    .text               mf_w.l(fdiv.o)
    0x080002b4   0x080002b4   0x0000014e   Code   RO         4171    .text               mf_w.l(dadd.o)
    0x08000402   0x08000402   0x000000e4   Code   RO         4173    .text               mf_w.l(dmul.o)
    0x080004e6   0x080004e6   0x000000de   Code   RO         4175    .text               mf_w.l(ddiv.o)
    0x080005c4   0x080005c4   0x00000012   Code   RO         4177    .text               mf_w.l(fflti.o)
    0x080005d6   0x080005d6   0x00000022   Code   RO         4181    .text               mf_w.l(dflti.o)
    0x080005f8   0x080005f8   0x0000001a   Code   RO         4183    .text               mf_w.l(dfltui.o)
    0x08000612   0x08000612   0x00000032   Code   RO         4185    .text               mf_w.l(ffixi.o)
    0x08000644   0x08000644   0x00000028   Code   RO         4187    .text               mf_w.l(ffixui.o)
    0x0800066c   0x0800066c   0x00000026   Code   RO         4189    .text               mf_w.l(f2d.o)
    0x08000692   0x08000692   0x00000038   Code   RO         4193    .text               mf_w.l(d2f.o)
    0x080006ca   0x080006ca   0x00000002   PAD
    0x080006cc   0x080006cc   0x00000014   Code   RO         4195    .text               mf_w.l(cfcmple.o)
    0x080006e0   0x080006e0   0x00000014   Code   RO         4197    .text               mf_w.l(cfrcmple.o)
    0x080006f4   0x080006f4   0x0000002c   Code   RO         4213    .text               mc_w.l(uidiv.o)
    0x08000720   0x08000720   0x00000062   Code   RO         4215    .text               mc_w.l(uldiv.o)
    0x08000782   0x08000782   0x0000001e   Code   RO         4217    .text               mc_w.l(llshl.o)
    0x080007a0   0x080007a0   0x00000024   Code   RO         4219    .text               mc_w.l(llsshr.o)
    0x080007c4   0x080007c4   0x00000000   Code   RO         4221    .text               mc_w.l(iusefp.o)
    0x080007c4   0x080007c4   0x0000006e   Code   RO         4222    .text               mf_w.l(fepilogue.o)
    0x08000832   0x08000832   0x000000ba   Code   RO         4224    .text               mf_w.l(depilogue.o)
    0x080008ec   0x080008ec   0x00000030   Code   RO         4226    .text               mf_w.l(dfixul.o)
    0x0800091c   0x0800091c   0x00000030   Code   RO         4228    .text               mf_w.l(cdrcmple.o)
    0x0800094c   0x0800094c   0x00000024   Code   RO         4230    .text               mc_w.l(init.o)
    0x08000970   0x08000970   0x00000020   Code   RO         4232    .text               mc_w.l(llushr.o)
    0x08000990   0x08000990   0x00000004   Code   RO          501    i.BusFault_Handler  stm32f10x_it.o
    0x08000994   0x08000994   0x00000108   Code   RO         1225    i.CAN_FilterInit    stm32f10x_can.o
    0x08000a9c   0x08000a9c   0x00000114   Code   RO         1232    i.CAN_Init          stm32f10x_can.o
    0x08000bb0   0x08000bb0   0x000000c0   Code   RO          856    i.CAN_Mode_Init     can.o
    0x08000c70   0x08000c70   0x00000002   Code   RO          502    i.DebugMon_Handler  stm32f10x_it.o
    0x08000c72   0x08000c72   0x00000116   Code   RO         2034    i.GPIO_Init         stm32f10x_gpio.o
    0x08000d88   0x08000d88   0x00000004   Code   RO         2041    i.GPIO_ResetBits    stm32f10x_gpio.o
    0x08000d8c   0x08000d8c   0x00000004   Code   RO         2042    i.GPIO_SetBits      stm32f10x_gpio.o
    0x08000d90   0x08000d90   0x0000004c   Code   RO          799    i.IIC_Ack           softwareiic.o
    0x08000ddc   0x08000ddc   0x00000038   Code   RO          800    i.IIC_Init          softwareiic.o
    0x08000e14   0x08000e14   0x0000004c   Code   RO          801    i.IIC_NAck          softwareiic.o
    0x08000e60   0x08000e60   0x00000070   Code   RO          802    i.IIC_Read_Byte     softwareiic.o
    0x08000ed0   0x08000ed0   0x00000074   Code   RO          803    i.IIC_Send_Byte     softwareiic.o
    0x08000f44   0x08000f44   0x0000004c   Code   RO          804    i.IIC_Start         softwareiic.o
    0x08000f90   0x08000f90   0x00000048   Code   RO          805    i.IIC_Stop          softwareiic.o
    0x08000fd8   0x08000fd8   0x00000064   Code   RO          806    i.IIC_Wait_Ack      softwareiic.o
    0x0800103c   0x0800103c   0x00000038   Code   RO          486    i.LED_Init          led.o
    0x08001074   0x08001074   0x00000004   Code   RO          503    i.MemManage_Handler  stm32f10x_it.o
    0x08001078   0x08001078   0x00000002   Code   RO          504    i.NMI_Handler       stm32f10x_it.o
    0x0800107a   0x0800107a   0x00000002   PAD
    0x0800107c   0x0800107c   0x00000070   Code   RO          883    i.NVIC_Init         misc.o
    0x080010ec   0x080010ec   0x00000014   Code   RO          884    i.NVIC_PriorityGroupConfig  misc.o
    0x08001100   0x08001100   0x0000002a   Code   RO          191    i.PID_CONTROLLER    pid.o
    0x0800112a   0x0800112a   0x00000002   PAD
    0x0800112c   0x0800112c   0x0000007c   Code   RO          727    i.PID_TIM3_Init     timer.o
    0x080011a8   0x080011a8   0x00000020   Code   RO         2450    i.RCC_APB1PeriphClockCmd  stm32f10x_rcc.o
    0x080011c8   0x080011c8   0x00000020   Code   RO         2452    i.RCC_APB2PeriphClockCmd  stm32f10x_rcc.o
    0x080011e8   0x080011e8   0x000000d4   Code   RO         2460    i.RCC_GetClocksFreq  stm32f10x_rcc.o
    0x080012bc   0x080012bc   0x00000002   Code   RO          505    i.SVC_Handler       stm32f10x_it.o
    0x080012be   0x080012be   0x00000008   Code   RO         3850    i.SetSysClock       system_stm32f10x.o
    0x080012c6   0x080012c6   0x00000002   PAD
    0x080012c8   0x080012c8   0x000000e0   Code   RO         3851    i.SetSysClockTo72   system_stm32f10x.o
    0x080013a8   0x080013a8   0x00000028   Code   RO          887    i.SysTick_CLKSourceConfig  misc.o
    0x080013d0   0x080013d0   0x00000060   Code   RO         3853    i.SystemInit        system_stm32f10x.o
    0x08001430   0x08001430   0x00000088   Code   RO          728    i.TIM1_Init         timer.o
    0x080014b8   0x080014b8   0x0000001c   Code   RO          729    i.TIM1_UP_IRQHandler  timer.o
    0x080014d4   0x080014d4   0x00000148   Code   RO          730    i.TIM2_IRQHandler   timer.o
    0x0800161c   0x0800161c   0x00000090   Code   RO          731    i.TIM2_Init         timer.o
    0x080016ac   0x080016ac   0x0000008c   Code   RO          732    i.TIM3_IRQHandler   timer.o
    0x08001738   0x08001738   0x00000070   Code   RO          733    i.TIM4_PWM_Init     timer.o
    0x080017a8   0x080017a8   0x00000006   Code   RO         3078    i.TIM_ClearFlag     stm32f10x_tim.o
    0x080017ae   0x080017ae   0x00000006   Code   RO         3079    i.TIM_ClearITPendingBit  stm32f10x_tim.o
    0x080017b4   0x080017b4   0x00000018   Code   RO         3084    i.TIM_Cmd           stm32f10x_tim.o
    0x080017cc   0x080017cc   0x00000022   Code   RO         3105    i.TIM_GetITStatus   stm32f10x_tim.o
    0x080017ee   0x080017ee   0x00000012   Code   RO         3109    i.TIM_ITConfig      stm32f10x_tim.o
    0x08001800   0x08001800   0x00000098   Code   RO         3113    i.TIM_OC1Init       stm32f10x_tim.o
    0x08001898   0x08001898   0x00000012   Code   RO         3116    i.TIM_OC1PreloadConfig  stm32f10x_tim.o
    0x080018aa   0x080018aa   0x00000002   PAD
    0x080018ac   0x080018ac   0x000000a4   Code   RO         3118    i.TIM_OC2Init       stm32f10x_tim.o
    0x08001950   0x08001950   0x0000001a   Code   RO         3121    i.TIM_OC2PreloadConfig  stm32f10x_tim.o
    0x0800196a   0x0800196a   0x00000004   Code   RO         3145    i.TIM_SetCompare1   stm32f10x_tim.o
    0x0800196e   0x0800196e   0x00000004   Code   RO         3146    i.TIM_SetCompare2   stm32f10x_tim.o
    0x08001972   0x08001972   0x00000002   PAD
    0x08001974   0x08001974   0x000000a4   Code   RO         3155    i.TIM_TimeBaseInit  stm32f10x_tim.o
    0x08001a18   0x08001a18   0x0000009c   Code   RO          665    i.USART1_IRQHandler  usart.o
    0x08001ab4   0x08001ab4   0x0000009c   Code   RO          666    i.USART2_IRQHandler  usart.o
    0x08001b50   0x08001b50   0x00000018   Code   RO         3620    i.USART_Cmd         stm32f10x_usart.o
    0x08001b68   0x08001b68   0x00000054   Code   RO         3624    i.USART_GetITStatus  stm32f10x_usart.o
    0x08001bbc   0x08001bbc   0x0000004a   Code   RO         3626    i.USART_ITConfig    stm32f10x_usart.o
    0x08001c06   0x08001c06   0x00000002   PAD
    0x08001c08   0x08001c08   0x000000d8   Code   RO         3627    i.USART_Init        stm32f10x_usart.o
    0x08001ce0   0x08001ce0   0x0000000a   Code   RO         3634    i.USART_ReceiveData  stm32f10x_usart.o
    0x08001cea   0x08001cea   0x00000004   Code   RO          506    i.UsageFault_Handler  stm32f10x_it.o
    0x08001cee   0x08001cee   0x00000002   PAD
    0x08001cf0   0x08001cf0   0x00000020   Code   RO         4137    i.__0printf         mc_w.l(printfa.o)
    0x08001d10   0x08001d10   0x0000000e   Code   RO         4236    i.__scatterload_copy  mc_w.l(handlers.o)
    0x08001d1e   0x08001d1e   0x00000002   Code   RO         4237    i.__scatterload_null  mc_w.l(handlers.o)
    0x08001d20   0x08001d20   0x0000000e   Code   RO         4238    i.__scatterload_zeroinit  mc_w.l(handlers.o)
    0x08001d2e   0x08001d2e   0x00000002   PAD
    0x08001d30   0x08001d30   0x00000184   Code   RO         4144    i._fp_digits        mc_w.l(printfa.o)
    0x08001eb4   0x08001eb4   0x000006dc   Code   RO         4145    i._printf_core      mc_w.l(printfa.o)
    0x08002590   0x08002590   0x00000024   Code   RO         4146    i._printf_post_padding  mc_w.l(printfa.o)
    0x080025b4   0x080025b4   0x0000002e   Code   RO         4147    i._printf_pre_padding  mc_w.l(printfa.o)
    0x080025e2   0x080025e2   0x00000002   PAD
    0x080025e4   0x080025e4   0x00000094   Code   RO          257    i.as5600_init       as5600.o
    0x08002678   0x08002678   0x00000034   Code   RO          192    i.clear             pid.o
    0x080026ac   0x080026ac   0x00000028   Code   RO          260    i.convertRawAngleToDegrees  as5600.o
    0x080026d4   0x080026d4   0x00000044   Code   RO          454    i.delay_init        delay.o
    0x08002718   0x08002718   0x0000004c   Code   RO          455    i.delay_ms          delay.o
    0x08002764   0x08002764   0x0000004c   Code   RO          456    i.delay_us          delay.o
    0x080027b0   0x080027b0   0x00000018   Code   RO          262    i.detectMagnet      as5600.o
    0x080027c8   0x080027c8   0x0000001c   Code   RO          668    i.fputc             usart.o
    0x080027e4   0x080027e4   0x0000000e   Code   RO          268    i.getMagnitude      as5600.o
    0x080027f2   0x080027f2   0x0000000c   Code   RO          270    i.getRawAngle       as5600.o
    0x080027fe   0x080027fe   0x0000000e   Code   RO          271    i.getRawDegrees     as5600.o
    0x0800280c   0x0800280c   0x00000064   Code   RO            1    i.main              main.o
    0x08002870   0x08002870   0x00000024   Code   RO          151    i.motor_init        motor_operate.o
    0x08002894   0x08002894   0x00000068   Code   RO          781    i.motor_io_init     motor_gpio.o
    0x080028fc   0x080028fc   0x00000050   Code   RO          152    i.motor_run         motor_operate.o
    0x0800294c   0x0800294c   0x00000038   Code   RO          275    i.readOneByte       as5600.o
    0x08002984   0x08002984   0x0000008c   Code   RO          276    i.readTwoBytes      as5600.o
    0x08002a10   0x08002a10   0x00000048   Code   RO          277    i.setEndPosition    as5600.o
    0x08002a58   0x08002a58   0x0000000c   Code   RO          196    i.setGoal           pid.o
    0x08002a64   0x08002a64   0x0000001c   Code   RO          197    i.setPID            pid.o
    0x08002a80   0x08002a80   0x0000000c   Code   RO          198    i.setSampleTime     pid.o
    0x08002a8c   0x08002a8c   0x00000048   Code   RO          279    i.setStartPosition  as5600.o
    0x08002ad4   0x08002ad4   0x000000a4   Code   RO          670    i.uart2_init        usart.o
    0x08002b78   0x08002b78   0x000000cc   Code   RO          199    i.update            pid.o
    0x08002c44   0x08002c44   0x0000002e   Code   RO          280    i.writeOneByte      as5600.o
    0x08002c72   0x08002c72   0x00000002   PAD
    0x08002c74   0x08002c74   0x00000020   Data   RO         4234    Region$$Table       anon$$obj.o


    Execution Region RW_IRAM1 (Exec base: 0x20000000, Load base: 0x08002c94, Size: 0x000004e0, Max: 0x00005000, ABSOLUTE)

    Exec Addr    Load Addr    Size         Type   Attr      Idx    E Section Name        Object

    0x20000000   0x08002c94   0x00000008   Data   RW          153    .data               motor_operate.o
    0x20000008   0x08002c9c   0x00000030   Data   RW          200    .data               pid.o
    0x20000038   0x08002ccc   0x0000000a   Data   RW          282    .data               as5600.o
    0x20000042   0x08002cd6   0x00000002   PAD
    0x20000044   0x08002cd8   0x00000020   Data   RW          418    .data               slave_can_protocol.o
    0x20000064   0x08002cf8   0x00000004   Data   RW          457    .data               delay.o
    0x20000068   0x08002cfc   0x00000018   Data   RW          671    .data               usart.o
    0x20000080   0x08002d14   0x00000028   Data   RW          734    .data               timer.o
    0x200000a8   0x08002d3c   0x00000014   Data   RW         2480    .data               stm32f10x_rcc.o
    0x200000bc   0x08002d50   0x00000014   Data   RW         3854    .data               system_stm32f10x.o
    0x200000d0        -       0x00000010   Zero   RW          782    .bss                motor_gpio.o
    0x200000e0        -       0x00000400   Zero   RW         3894    STACK               startup_stm32f10x_md.o


==============================================================================

Image component sizes


      Code (inc. data)   RO Data    RW Data    ZI Data      Debug   Object Name

       638         86          0         10          0       7631   as5600.o
       192         10          0          0          0        928   can.o
       220         26          0          4          0       1727   delay.o
        56          6          0          0          0        487   led.o
       100         22          0          0          0     260595   main.o
       172         22          0          0          0       2285   misc.o
       104         10          0          0         16       1380   motor_gpio.o
       116         16          0          8          0       1356   motor_operate.o
       350         90          0         48          0       3710   pid.o
         0          0          0         32          0       1270   slave_can_protocol.o
       684        102          0          0          0       4322   softwareiic.o
        36          8        236          0       1024        824   startup_stm32f10x_md.o
       540          6          0          0          0       2584   stm32f10x_can.o
       286          0          0          0          0       3252   stm32f10x_gpio.o
        18          0          0          0          0       2663   stm32f10x_it.o
       276         32          0         20          0       4702   stm32f10x_rcc.o
       620         72          0          0          0       8472   stm32f10x_tim.o
       408          6          0          0          0       5322   stm32f10x_usart.o
         0          0          0          0          0         32   sys.o
       328         28          0         20          0       2537   system_stm32f10x.o
      1012        120          0         40          0       4673   timer.o
       504         38          0         24          0       4347   usart.o

    ----------------------------------------------------------------------
      6676        700        268        208       1040     325099   Object Totals
         0          0         32          0          0          0   (incl. Generated)
        16          0          0          2          0          0   (incl. Padding)

    ----------------------------------------------------------------------

      Code (inc. data)   RO Data    RW Data    ZI Data      Debug   Library Member Name

         0          0          0          0          0          0   entry.o
         0          0          0          0          0          0   entry10a.o
         0          0          0          0          0          0   entry11a.o
         8          4          0          0          0          0   entry2.o
         4          0          0          0          0          0   entry5.o
         0          0          0          0          0          0   entry7b.o
         0          0          0          0          0          0   entry8b.o
         8          4          0          0          0          0   entry9a.o
        30          0          0          0          0          0   handlers.o
        36          8          0          0          0         68   init.o
         0          0          0          0          0          0   iusefp.o
        30          0          0          0          0         68   llshl.o
        36          0          0          0          0         68   llsshr.o
        32          0          0          0          0         68   llushr.o
      2258         90          0          0          0        452   printfa.o
        44          0          0          0          0         80   uidiv.o
        98          0          0          0          0         92   uldiv.o
        48          0          0          0          0         68   cdrcmple.o
        20          0          0          0          0         68   cfcmple.o
        20          0          0          0          0         68   cfrcmple.o
        56          0          0          0          0         88   d2f.o
       334          0          0          0          0        148   dadd.o
       222          0          0          0          0        100   ddiv.o
       186          0          0          0          0        176   depilogue.o
        48          0          0          0          0         68   dfixul.o
        34          0          0          0          0         76   dflti.o
        26          0          0          0          0         76   dfltui.o
       228          0          0          0          0         96   dmul.o
        38          0          0          0          0         68   f2d.o
       176          0          0          0          0        140   fadd.o
       124          0          0          0          0         88   fdiv.o
       110          0          0          0          0        168   fepilogue.o
        50          0          0          0          0         68   ffixi.o
        40          0          0          0          0         68   ffixui.o
        18          0          0          0          0         68   fflti.o
       100          0          0          0          0         76   fmul.o

    ----------------------------------------------------------------------
      4468        106          0          0          0       2672   Library Totals
         6          0          0          0          0          0   (incl. Padding)

    ----------------------------------------------------------------------

      Code (inc. data)   RO Data    RW Data    ZI Data      Debug   Library Name

      2584        106          0          0          0        896   mc_w.l
      1878          0          0          0          0       1776   mf_w.l

    ----------------------------------------------------------------------
      4468        106          0          0          0       2672   Library Totals

    ----------------------------------------------------------------------

==============================================================================


      Code (inc. data)   RO Data    RW Data    ZI Data      Debug   

     11144        806        268        208       1040     322411   Grand Totals
     11144        806        268        208       1040     322411   ELF Image Totals
     11144        806        268        208          0          0   ROM Totals

==============================================================================

    Total RO  Size (Code + RO Data)                11412 (  11.14kB)
    Total RW  Size (RW Data + ZI Data)              1248 (   1.22kB)
    Total ROM Size (Code + RO Data + RW Data)      11620 (  11.35kB)

==============================================================================

